Analysis & Synthesis report for M3
Fri Jun 19 23:50:30 2015
Quartus II Version 11.0 Build 157 04/27/2011 SJ Web Edition


---------------------
; Table of Contents ;
---------------------
  1. Legal Notice
  2. Analysis & Synthesis Summary
  3. Analysis & Synthesis Settings
  4. Parallel Compilation
  5. Analysis & Synthesis Source Files Read
  6. Analysis & Synthesis Resource Usage Summary
  7. Analysis & Synthesis Resource Utilization by Entity
  8. State Machine - |M3|processor:inst2|state
  9. Registers Removed During Synthesis
 10. Removed Registers Triggering Further Register Optimizations
 11. General Register Statistics
 12. Parameter Settings for User Entity Instance: host_itf:inst3
 13. Parameter Settings for User Entity Instance: processor:inst2
 14. Elapsed Time Per Partition
 15. Analysis & Synthesis Messages



----------------
; Legal Notice ;
----------------
Copyright (C) 1991-2011 Altera Corporation
Your use of Altera Corporation's design tools, logic functions 
and other software and tools, and its AMPP partner logic 
functions, and any output files from any of the foregoing 
(including device programming or simulation files), and any 
associated documentation or information are expressly subject 
to the terms and conditions of the Altera Program License 
Subscription Agreement, Altera MegaCore Function License 
Agreement, or other applicable license agreement, including, 
without limitation, that your use is for the sole purpose of 
programming logic devices manufactured by Altera and sold by 
Altera or its authorized distributors.  Please refer to the 
applicable agreement for further details.



+-------------------------------------------------------------------------------+
; Analysis & Synthesis Summary                                                  ;
+------------------------------------+------------------------------------------+
; Analysis & Synthesis Status        ; Successful - Fri Jun 19 23:50:30 2015    ;
; Quartus II Version                 ; 11.0 Build 157 04/27/2011 SJ Web Edition ;
; Revision Name                      ; M3                                       ;
; Top-level Entity Name              ; M3                                       ;
; Family                             ; Cyclone II                               ;
; Total logic elements               ; 67                                       ;
;     Total combinational functions  ; 60                                       ;
;     Dedicated logic registers      ; 50                                       ;
; Total registers                    ; 50                                       ;
; Total pins                         ; 179                                      ;
; Total virtual pins                 ; 0                                        ;
; Total memory bits                  ; 0                                        ;
; Embedded Multiplier 9-bit elements ; 0                                        ;
; Total PLLs                         ; 0                                        ;
+------------------------------------+------------------------------------------+


+----------------------------------------------------------------------------------------------------------------------+
; Analysis & Synthesis Settings                                                                                        ;
+----------------------------------------------------------------------------+--------------------+--------------------+
; Option                                                                     ; Setting            ; Default Value      ;
+----------------------------------------------------------------------------+--------------------+--------------------+
; Device                                                                     ; EP2C8F256C8        ;                    ;
; Top-level entity name                                                      ; M3                 ; M3                 ;
; Family name                                                                ; Cyclone II         ; Stratix II         ;
; Use smart compilation                                                      ; Off                ; Off                ;
; Enable parallel Assembler and TimeQuest Timing Analyzer during compilation ; On                 ; On                 ;
; Enable compact report table                                                ; Off                ; Off                ;
; Restructure Multiplexers                                                   ; Auto               ; Auto               ;
; Create Debugging Nodes for IP Cores                                        ; Off                ; Off                ;
; Preserve fewer node names                                                  ; On                 ; On                 ;
; Disable OpenCore Plus hardware evaluation                                  ; Off                ; Off                ;
; Verilog Version                                                            ; Verilog_2001       ; Verilog_2001       ;
; VHDL Version                                                               ; VHDL_1993          ; VHDL_1993          ;
; State Machine Processing                                                   ; Auto               ; Auto               ;
; Safe State Machine                                                         ; Off                ; Off                ;
; Extract Verilog State Machines                                             ; On                 ; On                 ;
; Extract VHDL State Machines                                                ; On                 ; On                 ;
; Ignore Verilog initial constructs                                          ; Off                ; Off                ;
; Iteration limit for constant Verilog loops                                 ; 5000               ; 5000               ;
; Iteration limit for non-constant Verilog loops                             ; 250                ; 250                ;
; Add Pass-Through Logic to Inferred RAMs                                    ; On                 ; On                 ;
; Parallel Synthesis                                                         ; On                 ; On                 ;
; DSP Block Balancing                                                        ; Auto               ; Auto               ;
; NOT Gate Push-Back                                                         ; On                 ; On                 ;
; Power-Up Don't Care                                                        ; On                 ; On                 ;
; Remove Redundant Logic Cells                                               ; Off                ; Off                ;
; Remove Duplicate Registers                                                 ; On                 ; On                 ;
; Ignore CARRY Buffers                                                       ; Off                ; Off                ;
; Ignore CASCADE Buffers                                                     ; Off                ; Off                ;
; Ignore GLOBAL Buffers                                                      ; Off                ; Off                ;
; Ignore ROW GLOBAL Buffers                                                  ; Off                ; Off                ;
; Ignore LCELL Buffers                                                       ; Off                ; Off                ;
; Ignore SOFT Buffers                                                        ; On                 ; On                 ;
; Limit AHDL Integers to 32 Bits                                             ; Off                ; Off                ;
; Optimization Technique                                                     ; Balanced           ; Balanced           ;
; Carry Chain Length                                                         ; 70                 ; 70                 ;
; Auto Carry Chains                                                          ; On                 ; On                 ;
; Auto Open-Drain Pins                                                       ; On                 ; On                 ;
; Perform WYSIWYG Primitive Resynthesis                                      ; Off                ; Off                ;
; Auto ROM Replacement                                                       ; On                 ; On                 ;
; Auto RAM Replacement                                                       ; On                 ; On                 ;
; Auto Shift Register Replacement                                            ; Auto               ; Auto               ;
; Allow Shift Register Merging across Hierarchies                            ; Auto               ; Auto               ;
; Auto Clock Enable Replacement                                              ; On                 ; On                 ;
; Strict RAM Replacement                                                     ; Off                ; Off                ;
; Allow Synchronous Control Signals                                          ; On                 ; On                 ;
; Force Use of Synchronous Clear Signals                                     ; Off                ; Off                ;
; Auto RAM to Logic Cell Conversion                                          ; Off                ; Off                ;
; Auto Resource Sharing                                                      ; Off                ; Off                ;
; Allow Any RAM Size For Recognition                                         ; Off                ; Off                ;
; Allow Any ROM Size For Recognition                                         ; Off                ; Off                ;
; Allow Any Shift Register Size For Recognition                              ; Off                ; Off                ;
; Use LogicLock Constraints during Resource Balancing                        ; On                 ; On                 ;
; Ignore translate_off and synthesis_off directives                          ; Off                ; Off                ;
; Timing-Driven Synthesis                                                    ; Off                ; Off                ;
; Report Parameter Settings                                                  ; On                 ; On                 ;
; Report Source Assignments                                                  ; On                 ; On                 ;
; Report Connectivity Checks                                                 ; On                 ; On                 ;
; Ignore Maximum Fan-Out Assignments                                         ; Off                ; Off                ;
; Synchronization Register Chain Length                                      ; 2                  ; 2                  ;
; PowerPlay Power Optimization                                               ; Normal compilation ; Normal compilation ;
; HDL message level                                                          ; Level2             ; Level2             ;
; Suppress Register Optimization Related Messages                            ; Off                ; Off                ;
; Number of Removed Registers Reported in Synthesis Report                   ; 5000               ; 5000               ;
; Number of Inverted Registers Reported in Synthesis Report                  ; 100                ; 100                ;
; Clock MUX Protection                                                       ; On                 ; On                 ;
; Auto Gated Clock Conversion                                                ; Off                ; Off                ;
; Block Design Naming                                                        ; Auto               ; Auto               ;
; SDC constraint protection                                                  ; Off                ; Off                ;
; Synthesis Effort                                                           ; Auto               ; Auto               ;
; Shift Register Replacement - Allow Asynchronous Clear Signal               ; On                 ; On                 ;
; Analysis & Synthesis Message Level                                         ; Medium             ; Medium             ;
; Disable Register Merging Across Hierarchies                                ; Auto               ; Auto               ;
; Resource Aware Inference For Block RAM                                     ; On                 ; On                 ;
; Synthesis Seed                                                             ; 1                  ; 1                  ;
+----------------------------------------------------------------------------+--------------------+--------------------+


Parallel compilation was disabled, but you have multiple processors available. Enable parallel compilation to reduce compilation time.
+-------------------------------------+
; Parallel Compilation                ;
+----------------------------+--------+
; Processors                 ; Number ;
+----------------------------+--------+
; Number detected on machine ; 4      ;
; Maximum allowed            ; 1      ;
+----------------------------+--------+


+----------------------------------------------------------------------------------------------------------------------------------------+
; Analysis & Synthesis Source Files Read                                                                                                 ;
+----------------------------------+-----------------+------------------------------------+----------------------------------------------+
; File Name with User-Entered Path ; Used in Netlist ; File Type                          ; File Name with Absolute Path                 ;
+----------------------------------+-----------------+------------------------------------+----------------------------------------------+
; BS_Processor/processor.v         ; yes             ; User Verilog HDL File              ; D:/esd/SNU_ESD/FPGA/BS_Processor/processor.v ;
; M3.bdf                           ; yes             ; User Block Diagram/Schematic File  ; D:/esd/SNU_ESD/FPGA/M3.bdf                   ;
; FPGA_IF/CLK_div_gen.v            ; yes             ; User Verilog HDL File              ; D:/esd/SNU_ESD/FPGA/FPGA_IF/CLK_div_gen.v    ;
; FPGA_IF/data_CONT.v              ; yes             ; User Verilog HDL File              ; D:/esd/SNU_ESD/FPGA/FPGA_IF/data_CONT.v      ;
; Host_IF/host_io.v                ; yes             ; User Verilog HDL File              ; D:/esd/SNU_ESD/FPGA/Host_IF/host_io.v        ;
; Host_IF/host_itf.v               ; yes             ; User Verilog HDL File              ; D:/esd/SNU_ESD/FPGA/Host_IF/host_itf.v       ;
+----------------------------------+-----------------+------------------------------------+----------------------------------------------+


+-------------------------------------------------------+
; Analysis & Synthesis Resource Usage Summary           ;
+---------------------------------------------+---------+
; Resource                                    ; Usage   ;
+---------------------------------------------+---------+
; Estimated Total logic elements              ; 67      ;
;                                             ;         ;
; Total combinational functions               ; 60      ;
; Logic element usage by number of LUT inputs ;         ;
;     -- 4 input functions                    ; 10      ;
;     -- 3 input functions                    ; 16      ;
;     -- <=2 input functions                  ; 34      ;
;                                             ;         ;
; Logic elements by mode                      ;         ;
;     -- normal mode                          ; 29      ;
;     -- arithmetic mode                      ; 31      ;
;                                             ;         ;
; Total registers                             ; 50      ;
;     -- Dedicated logic registers            ; 50      ;
;     -- I/O registers                        ; 0       ;
;                                             ;         ;
; I/O pins                                    ; 179     ;
; Maximum fan-out node                        ; XnRESET ;
; Maximum fan-out                             ; 48      ;
; Total fan-out                               ; 330     ;
; Average fan-out                             ; 1.14    ;
+---------------------------------------------+---------+


+-----------------------------------------------------------------------------------------------------------------------------------------------------------------------------+
; Analysis & Synthesis Resource Utilization by Entity                                                                                                                         ;
+----------------------------+-------------------+--------------+-------------+--------------+---------+-----------+------+--------------+---------------------+--------------+
; Compilation Hierarchy Node ; LC Combinationals ; LC Registers ; Memory Bits ; DSP Elements ; DSP 9x9 ; DSP 18x18 ; Pins ; Virtual Pins ; Full Hierarchy Name ; Library Name ;
+----------------------------+-------------------+--------------+-------------+--------------+---------+-----------+------+--------------+---------------------+--------------+
; |M3                        ; 60 (0)            ; 50 (0)       ; 0           ; 0            ; 0       ; 0         ; 179  ; 0            ; |M3                 ;              ;
;    |host_io:inst|          ; 1 (1)             ; 2 (2)        ; 0           ; 0            ; 0       ; 0         ; 0    ; 0            ; |M3|host_io:inst    ;              ;
;    |host_itf:inst3|        ; 59 (59)           ; 48 (48)      ; 0           ; 0            ; 0       ; 0         ; 0    ; 0            ; |M3|host_itf:inst3  ;              ;
+----------------------------+-------------------+--------------+-------------+--------------+---------+-----------+------+--------------+---------------------+--------------+
Note: For table entries with two numbers listed, the numbers in parentheses indicate the number of resources of the given type used by the specific entity alone. The numbers listed outside of parentheses indicate the total resources of the given type used by the specific entity and all of its sub-entities in the hierarchy.


Encoding Type:  One-Hot
+--------------------------------------------------------------+
; State Machine - |M3|processor:inst2|state                    ;
+----------------+------------+----------------+---------------+
; Name           ; state.IDLE ; state.COMPLETE ; state.RUNNING ;
+----------------+------------+----------------+---------------+
; state.IDLE     ; 0          ; 0              ; 0             ;
; state.RUNNING  ; 1          ; 0              ; 1             ;
; state.COMPLETE ; 1          ; 1              ; 0             ;
+----------------+------------+----------------+---------------+


+---------------------------------------------------------------------------------+
; Registers Removed During Synthesis                                              ;
+----------------------------------------+----------------------------------------+
; Register name                          ; Reason for Removal                     ;
+----------------------------------------+----------------------------------------+
; host_itf:inst3|HDO[0..15]              ; Stuck at GND due to stuck port data_in ;
; host_itf:inst3|SEG_DATA[0]             ; Stuck at GND due to stuck port data_in ;
; processor:inst2|acc_dout[8..31]        ; Stuck at GND due to stuck port data_in ;
; host_itf:inst3|SEG_DATA[1]             ; Stuck at GND due to stuck port data_in ;
; processor:inst2|state~6                ; Lost fanout                            ;
; processor:inst2|state~7                ; Lost fanout                            ;
; host_itf:inst3|x8800_1000[0..3]        ; Lost fanout                            ;
; processor:inst2|cnt_clk[0..31]         ; Lost fanout                            ;
; host_io:inst|Hdi[0..3]                 ; Lost fanout                            ;
; processor:inst2|state.RUNNING          ; Lost fanout                            ;
; processor:inst2|state.COMPLETE         ; Lost fanout                            ;
; processor:inst2|state.IDLE             ; Lost fanout                            ;
; Total Number of Removed Registers = 87 ;                                        ;
+----------------------------------------+----------------------------------------+


+---------------------------------------------------------------------------------------------------+
; Removed Registers Triggering Further Register Optimizations                                       ;
+------------------------------+---------------------------+----------------------------------------+
; Register name                ; Reason for Removal        ; Registers Removed due to This Register ;
+------------------------------+---------------------------+----------------------------------------+
; processor:inst2|acc_dout[31] ; Stuck at GND              ; host_itf:inst3|SEG_DATA[1]             ;
;                              ; due to stuck port data_in ;                                        ;
; host_itf:inst3|x8800_1000[3] ; Lost Fanouts              ; host_io:inst|Hdi[3]                    ;
; host_itf:inst3|x8800_1000[2] ; Lost Fanouts              ; host_io:inst|Hdi[2]                    ;
; host_itf:inst3|x8800_1000[1] ; Lost Fanouts              ; host_io:inst|Hdi[1]                    ;
; host_itf:inst3|x8800_1000[0] ; Lost Fanouts              ; host_io:inst|Hdi[0]                    ;
+------------------------------+---------------------------+----------------------------------------+


+------------------------------------------------------+
; General Register Statistics                          ;
+----------------------------------------------+-------+
; Statistic                                    ; Value ;
+----------------------------------------------+-------+
; Total registers                              ; 50    ;
; Number of registers using Synchronous Clear  ; 0     ;
; Number of registers using Synchronous Load   ; 0     ;
; Number of registers using Asynchronous Clear ; 45    ;
; Number of registers using Asynchronous Load  ; 0     ;
; Number of registers using Clock Enable       ; 3     ;
; Number of registers using Preset             ; 0     ;
+----------------------------------------------+-------+


+-------------------------------------------------------------+
; Parameter Settings for User Entity Instance: host_itf:inst3 ;
+---------------------------+----------+----------------------+
; Parameter Name            ; Value    ; Type                 ;
+---------------------------+----------+----------------------+
; CLK_CNT_FOR_ONE_SEC       ; 49999999 ; Signed Integer       ;
; CLK_CNT_FOR_HALF_MILLISEC ; 24999    ; Signed Integer       ;
+---------------------------+----------+----------------------+
Note: In order to hide this table in the UI and the text report file, please set the "Show Parameter Settings in Synthesis Report" option in "Analysis and Synthesis Settings -> More Settings" to "Off".


+--------------------------------------------------------------+
; Parameter Settings for User Entity Instance: processor:inst2 ;
+----------------+-------+-------------------------------------+
; Parameter Name ; Value ; Type                                ;
+----------------+-------+-------------------------------------+
; CMD_RUN        ; 1     ; Signed Integer                      ;
; CMD_ACK        ; 2     ; Signed Integer                      ;
; IDLE           ; 0     ; Signed Integer                      ;
; RUNNING        ; 1     ; Signed Integer                      ;
; COMPLETE       ; 2     ; Signed Integer                      ;
+----------------+-------+-------------------------------------+
Note: In order to hide this table in the UI and the text report file, please set the "Show Parameter Settings in Synthesis Report" option in "Analysis and Synthesis Settings -> More Settings" to "Off".


+-------------------------------+
; Elapsed Time Per Partition    ;
+----------------+--------------+
; Partition Name ; Elapsed Time ;
+----------------+--------------+
; Top            ; 00:00:00     ;
+----------------+--------------+


+-------------------------------+
; Analysis & Synthesis Messages ;
+-------------------------------+
Info: *******************************************************************
Info: Running Quartus II Analysis & Synthesis
    Info: Version 11.0 Build 157 04/27/2011 SJ Web Edition
    Info: Processing started: Fri Jun 19 23:50:29 2015
Info: Command: quartus_map --read_settings_files=on --write_settings_files=off M3 -c M3
Warning: Parallel compilation is not licensed and has been disabled
Info: Found 1 design units, including 1 entities, in source file bs_processor/processor.v
    Info: Found entity 1: processor
Info: Found 1 design units, including 1 entities, in source file m3.bdf
    Info: Found entity 1: M3
Info: Found 1 design units, including 1 entities, in source file fpga_if/led.v
    Info: Found entity 1: led_demo
Info: Found 1 design units, including 1 entities, in source file fpga_if/led_pwm_gen.v
    Info: Found entity 1: led_pwm_gen
Info: Found 1 design units, including 1 entities, in source file fpga_if/led_clk_gen.v
    Info: Found entity 1: led_clk_gen
Info: Found 1 design units, including 1 entities, in source file fpga_if/seg.v
    Info: Found entity 1: seg_test
Info: Found 1 design units, including 1 entities, in source file fpga_if/dotmatrix.v
    Info: Found entity 1: dotmatrix_test
Info: Found 1 design units, including 1 entities, in source file fpga_if/dot_disp.v
    Info: Found entity 1: dot_disp
Info: Found 1 design units, including 1 entities, in source file fpga_if/lcd.v
    Info: Found entity 1: lcd_demo
Info: Found 1 design units, including 1 entities, in source file fpga_if/logic_out.v
    Info: Found entity 1: Logic_out
Info: Found 1 design units, including 1 entities, in source file fpga_if/clk_div_gen.v
    Info: Found entity 1: CLK_div_gen
Info: Found 1 design units, including 1 entities, in source file fpga_if/data_cont.v
    Info: Found entity 1: data_CONT
Info: Found 1 design units, including 1 entities, in source file host_if/host_io.v
    Info: Found entity 1: host_io
Info: Found 1 design units, including 1 entities, in source file host_if/host_itf.v
    Info: Found entity 1: host_itf
Info: Elaborating entity "M3" for the top level hierarchy
Warning: Pin "piezo" is missing source
Warning: Pin "SRAM_nOE" is missing source
Warning: Pin "SRAM_nWE" is missing source
Warning: Pin "SRAM_nCS" is missing source
Warning: Pin "key_scan[3..0]" is missing source
Warning: Pin "led[7..0]" is missing source
Warning: Pin "SRAM_ADDR[17..0]" is missing source
Warning: Pin "SRAM_DATA[15..0]" is missing source
Warning: Pin "M_nRESET" not connected
Warning: Pin "XCLKOUT" not connected
Warning: Pin "CPLD_8" not connected
Warning: Pin "CPLD_1" not connected
Warning: Pin "XEINT8" not connected
Warning: Pin "STEP_A" not connected
Warning: Pin "STEP_nA" not connected
Warning: Pin "STEP_B" not connected
Warning: Pin "STEP_nB" not connected
Warning: Pin "GPJ4_0" not connected
Warning: Pin "GPJ4_1" not connected
Warning: Pin "GPJ4_2" not connected
Warning: Pin "GPJ4_3" not connected
Warning: Pin "GPJ4_4" not connected
Warning: Pin "GPJ1_5" not connected
Warning: Pin "SPI_DOUT" not connected
Warning: Pin "SPI_DIN" not connected
Warning: Pin "SPI_SCLK" not connected
Warning: Pin "SPI_DA_CS" not connected
Warning: Pin "SPI_AD_CS" not connected
Warning: Pin "dip_sw" not connected
Warning: Pin "key_data" not connected
Warning: Pin "sel_button" not connected
Info: Elaborating entity "data_CONT" for hierarchy "data_CONT:inst5"
Info: Elaborating entity "CLK_div_gen" for hierarchy "CLK_div_gen:inst12"
Info: Elaborating entity "host_itf" for hierarchy "host_itf:inst3"
Warning (10036): Verilog HDL or VHDL warning at host_itf.v(37): object "x8800_0010" assigned a value but never read
Warning (10036): Verilog HDL or VHDL warning at host_itf.v(38): object "x8800_0012" assigned a value but never read
Info: Elaborating entity "host_io" for hierarchy "host_io:inst"
Info: Elaborating entity "processor" for hierarchy "processor:inst2"
Warning (10036): Verilog HDL or VHDL warning at processor.v(69): object "clk_en" assigned a value but never read
Warning (10036): Verilog HDL or VHDL warning at processor.v(71): object "const2_mult_din" assigned a value but never read
Warning (10858): Verilog HDL warning at processor.v(72): object const2_mult_dout used but never assigned
Warning (10036): Verilog HDL or VHDL warning at processor.v(73): object "exp_din" assigned a value but never read
Warning (10858): Verilog HDL warning at processor.v(74): object exp_dout used but never assigned
Warning (10036): Verilog HDL or VHDL warning at processor.v(75): object "const1_mult_din" assigned a value but never read
Warning (10858): Verilog HDL warning at processor.v(76): object const1_mult_dout used but never assigned
Warning (10036): Verilog HDL or VHDL warning at processor.v(77): object "k_sub_din" assigned a value but never read
Warning (10858): Verilog HDL warning at processor.v(78): object k_sub_dout used but never assigned
Warning (10036): Verilog HDL or VHDL warning at processor.v(79): object "const3_mult_din" assigned a value but never read
Warning (10858): Verilog HDL warning at processor.v(80): object const3_mult_dout used but never assigned
Warning (10036): Verilog HDL or VHDL warning at processor.v(81): object "const3_mult_conv_din" assigned a value but never read
Warning (10858): Verilog HDL warning at processor.v(82): object const3_mult_conv_dout used but never assigned
Warning (10036): Verilog HDL or VHDL warning at processor.v(83): object "pow_din" assigned a value but never read
Warning (10858): Verilog HDL warning at processor.v(84): object pow_dout used but never assigned
Warning (10036): Verilog HDL or VHDL warning at processor.v(85): object "pow_conv_din" assigned a value but never read
Warning (10858): Verilog HDL warning at processor.v(86): object pow_conv_dout used but never assigned
Warning (10036): Verilog HDL or VHDL warning at processor.v(87): object "fx_conv_din" assigned a value but never read
Warning (10858): Verilog HDL warning at processor.v(88): object fx_conv_dout used but never assigned
Info (10264): Verilog HDL Case Statement information at processor.v(193): all case item expressions in this case statement are onehot
Info (10264): Verilog HDL Case Statement information at processor.v(269): all case item expressions in this case statement are onehot
Info (10264): Verilog HDL Case Statement information at processor.v(295): all case item expressions in this case statement are onehot
Warning (10030): Net "fx_conv_dout" at processor.v(88) has no driver or initial value, using a default initial value '0'
Warning: Output pins are stuck at VCC or GND
    Warning (13410): Pin "lcd_e" is stuck at GND
    Warning (13410): Pin "lcd_rs" is stuck at GND
    Warning (13410): Pin "lcd_rw" is stuck at GND
    Warning (13410): Pin "piezo" is stuck at GND
    Warning (13410): Pin "SRAM_nOE" is stuck at GND
    Warning (13410): Pin "SRAM_nWE" is stuck at GND
    Warning (13410): Pin "SRAM_nCS" is stuck at GND
    Warning (13410): Pin "dot_d[6]" is stuck at GND
    Warning (13410): Pin "dot_d[5]" is stuck at GND
    Warning (13410): Pin "dot_d[4]" is stuck at GND
    Warning (13410): Pin "dot_d[3]" is stuck at GND
    Warning (13410): Pin "dot_d[2]" is stuck at GND
    Warning (13410): Pin "dot_d[1]" is stuck at GND
    Warning (13410): Pin "dot_d[0]" is stuck at GND
    Warning (13410): Pin "dot_scan[9]" is stuck at GND
    Warning (13410): Pin "dot_scan[8]" is stuck at GND
    Warning (13410): Pin "dot_scan[7]" is stuck at GND
    Warning (13410): Pin "dot_scan[6]" is stuck at GND
    Warning (13410): Pin "dot_scan[5]" is stuck at GND
    Warning (13410): Pin "dot_scan[4]" is stuck at GND
    Warning (13410): Pin "dot_scan[3]" is stuck at GND
    Warning (13410): Pin "dot_scan[2]" is stuck at GND
    Warning (13410): Pin "dot_scan[1]" is stuck at GND
    Warning (13410): Pin "dot_scan[0]" is stuck at GND
    Warning (13410): Pin "key_scan[3]" is stuck at GND
    Warning (13410): Pin "key_scan[2]" is stuck at GND
    Warning (13410): Pin "key_scan[1]" is stuck at GND
    Warning (13410): Pin "key_scan[0]" is stuck at GND
    Warning (13410): Pin "lcd_data[7]" is stuck at GND
    Warning (13410): Pin "lcd_data[6]" is stuck at GND
    Warning (13410): Pin "lcd_data[5]" is stuck at GND
    Warning (13410): Pin "lcd_data[4]" is stuck at GND
    Warning (13410): Pin "lcd_data[3]" is stuck at GND
    Warning (13410): Pin "lcd_data[2]" is stuck at GND
    Warning (13410): Pin "lcd_data[1]" is stuck at GND
    Warning (13410): Pin "lcd_data[0]" is stuck at GND
    Warning (13410): Pin "led[7]" is stuck at GND
    Warning (13410): Pin "led[6]" is stuck at GND
    Warning (13410): Pin "led[5]" is stuck at GND
    Warning (13410): Pin "led[4]" is stuck at GND
    Warning (13410): Pin "led[3]" is stuck at GND
    Warning (13410): Pin "led[2]" is stuck at GND
    Warning (13410): Pin "led[1]" is stuck at GND
    Warning (13410): Pin "led[0]" is stuck at GND
    Warning (13410): Pin "seg_disp[1]" is stuck at GND
    Warning (13410): Pin "seg_disp[0]" is stuck at GND
    Warning (13410): Pin "SRAM_ADDR[17]" is stuck at GND
    Warning (13410): Pin "SRAM_ADDR[16]" is stuck at GND
    Warning (13410): Pin "SRAM_ADDR[15]" is stuck at GND
    Warning (13410): Pin "SRAM_ADDR[14]" is stuck at GND
    Warning (13410): Pin "SRAM_ADDR[13]" is stuck at GND
    Warning (13410): Pin "SRAM_ADDR[12]" is stuck at GND
    Warning (13410): Pin "SRAM_ADDR[11]" is stuck at GND
    Warning (13410): Pin "SRAM_ADDR[10]" is stuck at GND
    Warning (13410): Pin "SRAM_ADDR[9]" is stuck at GND
    Warning (13410): Pin "SRAM_ADDR[8]" is stuck at GND
    Warning (13410): Pin "SRAM_ADDR[7]" is stuck at GND
    Warning (13410): Pin "SRAM_ADDR[6]" is stuck at GND
    Warning (13410): Pin "SRAM_ADDR[5]" is stuck at GND
    Warning (13410): Pin "SRAM_ADDR[4]" is stuck at GND
    Warning (13410): Pin "SRAM_ADDR[3]" is stuck at GND
    Warning (13410): Pin "SRAM_ADDR[2]" is stuck at GND
    Warning (13410): Pin "SRAM_ADDR[1]" is stuck at GND
    Warning (13410): Pin "SRAM_ADDR[0]" is stuck at GND
    Warning (13410): Pin "SRAM_DATA[15]" is stuck at GND
    Warning (13410): Pin "SRAM_DATA[14]" is stuck at GND
    Warning (13410): Pin "SRAM_DATA[13]" is stuck at GND
    Warning (13410): Pin "SRAM_DATA[12]" is stuck at GND
    Warning (13410): Pin "SRAM_DATA[11]" is stuck at GND
    Warning (13410): Pin "SRAM_DATA[10]" is stuck at GND
    Warning (13410): Pin "SRAM_DATA[9]" is stuck at GND
    Warning (13410): Pin "SRAM_DATA[8]" is stuck at GND
    Warning (13410): Pin "SRAM_DATA[7]" is stuck at GND
    Warning (13410): Pin "SRAM_DATA[6]" is stuck at GND
    Warning (13410): Pin "SRAM_DATA[5]" is stuck at GND
    Warning (13410): Pin "SRAM_DATA[4]" is stuck at GND
    Warning (13410): Pin "SRAM_DATA[3]" is stuck at GND
    Warning (13410): Pin "SRAM_DATA[2]" is stuck at GND
    Warning (13410): Pin "SRAM_DATA[1]" is stuck at GND
    Warning (13410): Pin "SRAM_DATA[0]" is stuck at GND
Info: 45 registers lost all their fanouts during netlist optimizations. The first 45 are displayed below.
    Info: Register "processor:inst2|state~6" lost all its fanouts during netlist optimizations.
    Info: Register "processor:inst2|state~7" lost all its fanouts during netlist optimizations.
    Info: Register "host_itf:inst3|x8800_1000[3]" lost all its fanouts during netlist optimizations.
    Info: Register "host_itf:inst3|x8800_1000[2]" lost all its fanouts during netlist optimizations.
    Info: Register "host_itf:inst3|x8800_1000[1]" lost all its fanouts during netlist optimizations.
    Info: Register "host_itf:inst3|x8800_1000[0]" lost all its fanouts during netlist optimizations.
    Info: Register "processor:inst2|cnt_clk[31]" lost all its fanouts during netlist optimizations.
    Info: Register "processor:inst2|cnt_clk[30]" lost all its fanouts during netlist optimizations.
    Info: Register "processor:inst2|cnt_clk[29]" lost all its fanouts during netlist optimizations.
    Info: Register "processor:inst2|cnt_clk[28]" lost all its fanouts during netlist optimizations.
    Info: Register "processor:inst2|cnt_clk[27]" lost all its fanouts during netlist optimizations.
    Info: Register "processor:inst2|cnt_clk[26]" lost all its fanouts during netlist optimizations.
    Info: Register "processor:inst2|cnt_clk[25]" lost all its fanouts during netlist optimizations.
    Info: Register "processor:inst2|cnt_clk[24]" lost all its fanouts during netlist optimizations.
    Info: Register "processor:inst2|cnt_clk[23]" lost all its fanouts during netlist optimizations.
    Info: Register "processor:inst2|cnt_clk[22]" lost all its fanouts during netlist optimizations.
    Info: Register "processor:inst2|cnt_clk[21]" lost all its fanouts during netlist optimizations.
    Info: Register "processor:inst2|cnt_clk[20]" lost all its fanouts during netlist optimizations.
    Info: Register "processor:inst2|cnt_clk[19]" lost all its fanouts during netlist optimizations.
    Info: Register "processor:inst2|cnt_clk[18]" lost all its fanouts during netlist optimizations.
    Info: Register "processor:inst2|cnt_clk[17]" lost all its fanouts during netlist optimizations.
    Info: Register "processor:inst2|cnt_clk[16]" lost all its fanouts during netlist optimizations.
    Info: Register "processor:inst2|cnt_clk[15]" lost all its fanouts during netlist optimizations.
    Info: Register "processor:inst2|cnt_clk[14]" lost all its fanouts during netlist optimizations.
    Info: Register "processor:inst2|cnt_clk[13]" lost all its fanouts during netlist optimizations.
    Info: Register "processor:inst2|cnt_clk[12]" lost all its fanouts during netlist optimizations.
    Info: Register "processor:inst2|cnt_clk[11]" lost all its fanouts during netlist optimizations.
    Info: Register "processor:inst2|cnt_clk[10]" lost all its fanouts during netlist optimizations.
    Info: Register "processor:inst2|cnt_clk[9]" lost all its fanouts during netlist optimizations.
    Info: Register "processor:inst2|cnt_clk[8]" lost all its fanouts during netlist optimizations.
    Info: Register "processor:inst2|cnt_clk[7]" lost all its fanouts during netlist optimizations.
    Info: Register "processor:inst2|cnt_clk[6]" lost all its fanouts during netlist optimizations.
    Info: Register "processor:inst2|cnt_clk[5]" lost all its fanouts during netlist optimizations.
    Info: Register "processor:inst2|cnt_clk[4]" lost all its fanouts during netlist optimizations.
    Info: Register "processor:inst2|cnt_clk[3]" lost all its fanouts during netlist optimizations.
    Info: Register "processor:inst2|cnt_clk[2]" lost all its fanouts during netlist optimizations.
    Info: Register "processor:inst2|cnt_clk[1]" lost all its fanouts during netlist optimizations.
    Info: Register "processor:inst2|cnt_clk[0]" lost all its fanouts during netlist optimizations.
    Info: Register "host_io:inst|Hdi[3]" lost all its fanouts during netlist optimizations.
    Info: Register "host_io:inst|Hdi[2]" lost all its fanouts during netlist optimizations.
    Info: Register "host_io:inst|Hdi[1]" lost all its fanouts during netlist optimizations.
    Info: Register "host_io:inst|Hdi[0]" lost all its fanouts during netlist optimizations.
    Info: Register "processor:inst2|state.RUNNING" lost all its fanouts during netlist optimizations.
    Info: Register "processor:inst2|state.COMPLETE" lost all its fanouts during netlist optimizations.
    Info: Register "processor:inst2|state.IDLE" lost all its fanouts during netlist optimizations.
Info: Generating hard_block partition "hard_block:auto_generated_inst"
Warning: Design contains 67 input pin(s) that do not drive logic
    Warning (15610): No output dependent on input pin "nFPGA_RESET"
    Warning (15610): No output dependent on input pin "XM0_ADDR[20]"
    Warning (15610): No output dependent on input pin "M_nRESET"
    Warning (15610): No output dependent on input pin "XCLKOUT"
    Warning (15610): No output dependent on input pin "CPLD_8"
    Warning (15610): No output dependent on input pin "CPLD_1"
    Warning (15610): No output dependent on input pin "XEINT8"
    Warning (15610): No output dependent on input pin "STEP_A"
    Warning (15610): No output dependent on input pin "STEP_nA"
    Warning (15610): No output dependent on input pin "STEP_B"
    Warning (15610): No output dependent on input pin "STEP_nB"
    Warning (15610): No output dependent on input pin "GPJ4_0"
    Warning (15610): No output dependent on input pin "GPJ4_1"
    Warning (15610): No output dependent on input pin "GPJ4_2"
    Warning (15610): No output dependent on input pin "GPJ4_3"
    Warning (15610): No output dependent on input pin "GPJ4_4"
    Warning (15610): No output dependent on input pin "GPJ1_5"
    Warning (15610): No output dependent on input pin "SPI_DOUT"
    Warning (15610): No output dependent on input pin "SPI_DIN"
    Warning (15610): No output dependent on input pin "SPI_SCLK"
    Warning (15610): No output dependent on input pin "SPI_DA_CS"
    Warning (15610): No output dependent on input pin "SPI_AD_CS"
    Warning (15610): No output dependent on input pin "dip_sw[15]"
    Warning (15610): No output dependent on input pin "dip_sw[14]"
    Warning (15610): No output dependent on input pin "dip_sw[13]"
    Warning (15610): No output dependent on input pin "dip_sw[12]"
    Warning (15610): No output dependent on input pin "dip_sw[11]"
    Warning (15610): No output dependent on input pin "dip_sw[10]"
    Warning (15610): No output dependent on input pin "dip_sw[9]"
    Warning (15610): No output dependent on input pin "dip_sw[8]"
    Warning (15610): No output dependent on input pin "dip_sw[7]"
    Warning (15610): No output dependent on input pin "dip_sw[6]"
    Warning (15610): No output dependent on input pin "dip_sw[5]"
    Warning (15610): No output dependent on input pin "dip_sw[4]"
    Warning (15610): No output dependent on input pin "dip_sw[3]"
    Warning (15610): No output dependent on input pin "dip_sw[2]"
    Warning (15610): No output dependent on input pin "dip_sw[1]"
    Warning (15610): No output dependent on input pin "dip_sw[0]"
    Warning (15610): No output dependent on input pin "key_data[3]"
    Warning (15610): No output dependent on input pin "key_data[2]"
    Warning (15610): No output dependent on input pin "key_data[1]"
    Warning (15610): No output dependent on input pin "key_data[0]"
    Warning (15610): No output dependent on input pin "sel_button[3]"
    Warning (15610): No output dependent on input pin "sel_button[2]"
    Warning (15610): No output dependent on input pin "sel_button[1]"
    Warning (15610): No output dependent on input pin "sel_button[0]"
    Warning (15610): No output dependent on input pin "XM0WEN"
    Warning (15610): No output dependent on input pin "XM0_ADDR[19]"
    Warning (15610): No output dependent on input pin "XM0_ADDR[18]"
    Warning (15610): No output dependent on input pin "XM0_ADDR[17]"
    Warning (15610): No output dependent on input pin "XM0_ADDR[16]"
    Warning (15610): No output dependent on input pin "XM0_ADDR[15]"
    Warning (15610): No output dependent on input pin "XM0_ADDR[14]"
    Warning (15610): No output dependent on input pin "XM0_ADDR[13]"
    Warning (15610): No output dependent on input pin "XM0_ADDR[12]"
    Warning (15610): No output dependent on input pin "XM0_ADDR[11]"
    Warning (15610): No output dependent on input pin "XM0_ADDR[10]"
    Warning (15610): No output dependent on input pin "XM0_ADDR[9]"
    Warning (15610): No output dependent on input pin "XM0_ADDR[8]"
    Warning (15610): No output dependent on input pin "XM0_ADDR[7]"
    Warning (15610): No output dependent on input pin "XM0_ADDR[6]"
    Warning (15610): No output dependent on input pin "XM0_ADDR[5]"
    Warning (15610): No output dependent on input pin "XM0_ADDR[4]"
    Warning (15610): No output dependent on input pin "XM0_ADDR[3]"
    Warning (15610): No output dependent on input pin "XM0_ADDR[2]"
    Warning (15610): No output dependent on input pin "XM0_ADDR[1]"
    Warning (15610): No output dependent on input pin "XM0_ADDR[0]"
Info: Implemented 247 device resources after synthesis - the final resource count might be different
    Info: Implemented 71 input pins
    Info: Implemented 92 output pins
    Info: Implemented 16 bidirectional pins
    Info: Implemented 68 logic cells
Info: Quartus II Analysis & Synthesis was successful. 0 errors, 203 warnings
    Info: Peak virtual memory: 267 megabytes
    Info: Processing ended: Fri Jun 19 23:50:30 2015
    Info: Elapsed time: 00:00:01
    Info: Total CPU time (on all processors): 00:00:01


