TimeQuest Timing Analyzer report for M3
Tue Jun 16 21:31:53 2015
Quartus II Version 11.0 Build 157 04/27/2011 SJ Web Edition


---------------------
; Table of Contents ;
---------------------
  1. Legal Notice
  2. TimeQuest Timing Analyzer Summary
  3. Parallel Compilation
  4. SDC File List
  5. Clocks
  6. Fmax Summary
  7. Setup Summary
  8. Hold Summary
  9. Recovery Summary
 10. Removal Summary
 11. Minimum Pulse Width Summary
 12. Setup: 'FPGA_CLK'
 13. Hold: 'FPGA_CLK'
 14. Minimum Pulse Width: 'FPGA_CLK'
 15. Setup Times
 16. Hold Times
 17. Clock to Output Times
 18. Minimum Clock to Output Times
 19. Propagation Delay
 20. Minimum Propagation Delay
 21. Setup Transfers
 22. Hold Transfers
 23. Report TCCS
 24. Report RSKM
 25. Unconstrained Paths
 26. TimeQuest Timing Analyzer Messages



----------------
; Legal Notice ;
----------------
Copyright (C) 1991-2011 Altera Corporation
Your use of Altera Corporation's design tools, logic functions 
and other software and tools, and its AMPP partner logic 
functions, and any output files from any of the foregoing 
(including device programming or simulation files), and any 
associated documentation or information are expressly subject 
to the terms and conditions of the Altera Program License 
Subscription Agreement, Altera MegaCore Function License 
Agreement, or other applicable license agreement, including, 
without limitation, that your use is for the sole purpose of 
programming logic devices manufactured by Altera and sold by 
Altera or its authorized distributors.  Please refer to the 
applicable agreement for further details.



+-----------------------------------------------------------------------+
; TimeQuest Timing Analyzer Summary                                     ;
+--------------------+--------------------------------------------------+
; Quartus II Version ; Version 11.0 Build 157 04/27/2011 SJ Web Edition ;
; Revision Name      ; M3                                               ;
; Device Family      ; Cyclone II                                       ;
; Device Name        ; EP2C8F256C8                                      ;
; Timing Models      ; Final                                            ;
; Delay Model        ; Slow Model                                       ;
; Rise/Fall Delays   ; Unavailable                                      ;
+--------------------+--------------------------------------------------+


Parallel compilation was disabled, but you have multiple processors available. Enable parallel compilation to reduce compilation time.
+-------------------------------------+
; Parallel Compilation                ;
+----------------------------+--------+
; Processors                 ; Number ;
+----------------------------+--------+
; Number detected on machine ; 4      ;
; Maximum allowed            ; 1      ;
+----------------------------+--------+


+---------------------------------------------------+
; SDC File List                                     ;
+---------------+--------+--------------------------+
; SDC File Path ; Status ; Read at                  ;
+---------------+--------+--------------------------+
; M3.sdc        ; OK     ; Tue Jun 16 21:31:52 2015 ;
+---------------+--------+--------------------------+


+-------------------------------------------------------------------------------------------------------------------------------------------------------------------------------------+
; Clocks                                                                                                                                                                              ;
+------------+------+--------+-----------+-------+-------+------------+-----------+-------------+-------+--------+-----------+------------+----------+--------+--------+--------------+
; Clock Name ; Type ; Period ; Frequency ; Rise  ; Fall  ; Duty Cycle ; Divide by ; Multiply by ; Phase ; Offset ; Edge List ; Edge Shift ; Inverted ; Master ; Source ; Targets      ;
+------------+------+--------+-----------+-------+-------+------------+-----------+-------------+-------+--------+-----------+------------+----------+--------+--------+--------------+
; FPGA_CLK   ; Base ; 10.000 ; 100.0 MHz ; 0.000 ; 5.000 ;            ;           ;             ;       ;        ;           ;            ;          ;        ;        ; { FPGA_CLK } ;
+------------+------+--------+-----------+-------+-------+------------+-----------+-------------+-------+--------+-----------+------------+----------+--------+--------+--------------+


+------------------------------------------------+
; Fmax Summary                                   ;
+----------+-----------------+------------+------+
; Fmax     ; Restricted Fmax ; Clock Name ; Note ;
+----------+-----------------+------------+------+
; 9.34 MHz ; 9.34 MHz        ; FPGA_CLK   ;      ;
+----------+-----------------+------------+------+
This panel reports FMAX for every clock in the design, regardless of the user-specified clock periods.  FMAX is only computed for paths where the source and destination registers or ports are driven by the same clock.  Paths of different clocks, including generated clocks, are ignored.  For paths between a clock and its inversion, FMAX is computed as if the rising and falling edges are scaled along with FMAX, such that the duty cycle (in terms of a percentage) is maintained. Altera recommends that you always use clock constraints and other slack reports for sign-off analysis.


+------------------------------------+
; Setup Summary                      ;
+----------+---------+---------------+
; Clock    ; Slack   ; End Point TNS ;
+----------+---------+---------------+
; FPGA_CLK ; -97.098 ; -97.098       ;
+----------+---------+---------------+


+----------------------------------+
; Hold Summary                     ;
+----------+-------+---------------+
; Clock    ; Slack ; End Point TNS ;
+----------+-------+---------------+
; FPGA_CLK ; 0.499 ; 0.000         ;
+----------+-------+---------------+


--------------------
; Recovery Summary ;
--------------------
No paths to report.


-------------------
; Removal Summary ;
-------------------
No paths to report.


+----------------------------------+
; Minimum Pulse Width Summary      ;
+----------+-------+---------------+
; Clock    ; Slack ; End Point TNS ;
+----------+-------+---------------+
; FPGA_CLK ; 3.758 ; 0.000         ;
+----------+-------+---------------+


+-----------------------------------------------------------------------------------------------------------------------------------------------+
; Setup: 'FPGA_CLK'                                                                                                                             ;
+---------+-------------------------------+-------------------------------+--------------+-------------+--------------+------------+------------+
; Slack   ; From Node                     ; To Node                       ; Launch Clock ; Latch Clock ; Relationship ; Clock Skew ; Data Delay ;
+---------+-------------------------------+-------------------------------+--------------+-------------+--------------+------------+------------+
; -97.098 ; host_itf:inst1|my_clk_cnt[0]  ; host_itf:inst1|seg_clk        ; FPGA_CLK     ; FPGA_CLK    ; 10.000       ; 1.329      ; 108.467    ;
; -97.021 ; host_itf:inst1|my_clk_cnt[1]  ; host_itf:inst1|seg_clk        ; FPGA_CLK     ; FPGA_CLK    ; 10.000       ; 1.329      ; 108.390    ;
; -96.936 ; host_itf:inst1|my_clk_cnt[2]  ; host_itf:inst1|seg_clk        ; FPGA_CLK     ; FPGA_CLK    ; 10.000       ; 1.329      ; 108.305    ;
; -96.900 ; host_itf:inst1|my_clk_cnt[3]  ; host_itf:inst1|seg_clk        ; FPGA_CLK     ; FPGA_CLK    ; 10.000       ; 1.329      ; 108.269    ;
; -96.765 ; host_itf:inst1|my_clk_cnt[4]  ; host_itf:inst1|seg_clk        ; FPGA_CLK     ; FPGA_CLK    ; 10.000       ; 1.329      ; 108.134    ;
; -96.729 ; host_itf:inst1|my_clk_cnt[5]  ; host_itf:inst1|seg_clk        ; FPGA_CLK     ; FPGA_CLK    ; 10.000       ; 1.329      ; 108.098    ;
; -96.643 ; host_itf:inst1|my_clk_cnt[6]  ; host_itf:inst1|seg_clk        ; FPGA_CLK     ; FPGA_CLK    ; 10.000       ; 1.329      ; 108.012    ;
; -96.513 ; host_itf:inst1|my_clk_cnt[7]  ; host_itf:inst1|seg_clk        ; FPGA_CLK     ; FPGA_CLK    ; 10.000       ; 1.329      ; 107.882    ;
; -96.366 ; host_itf:inst1|my_clk_cnt[8]  ; host_itf:inst1|seg_clk        ; FPGA_CLK     ; FPGA_CLK    ; 10.000       ; 1.329      ; 107.735    ;
; -96.230 ; host_itf:inst1|my_clk_cnt[9]  ; host_itf:inst1|seg_clk        ; FPGA_CLK     ; FPGA_CLK    ; 10.000       ; 1.329      ; 107.599    ;
; -96.194 ; host_itf:inst1|my_clk_cnt[10] ; host_itf:inst1|seg_clk        ; FPGA_CLK     ; FPGA_CLK    ; 10.000       ; 1.329      ; 107.563    ;
; -96.059 ; host_itf:inst1|my_clk_cnt[11] ; host_itf:inst1|seg_clk        ; FPGA_CLK     ; FPGA_CLK    ; 10.000       ; 1.329      ; 107.428    ;
; -96.023 ; host_itf:inst1|my_clk_cnt[12] ; host_itf:inst1|seg_clk        ; FPGA_CLK     ; FPGA_CLK    ; 10.000       ; 1.329      ; 107.392    ;
; -95.887 ; host_itf:inst1|my_clk_cnt[13] ; host_itf:inst1|seg_clk        ; FPGA_CLK     ; FPGA_CLK    ; 10.000       ; 1.329      ; 107.256    ;
; -95.801 ; host_itf:inst1|my_clk_cnt[14] ; host_itf:inst1|seg_clk        ; FPGA_CLK     ; FPGA_CLK    ; 10.000       ; 1.329      ; 107.170    ;
; -95.735 ; host_itf:inst1|my_clk_cnt[15] ; host_itf:inst1|seg_clk        ; FPGA_CLK     ; FPGA_CLK    ; 10.000       ; 1.329      ; 107.104    ;
; -95.543 ; host_itf:inst1|my_clk_cnt[16] ; host_itf:inst1|seg_clk        ; FPGA_CLK     ; FPGA_CLK    ; 10.000       ; 1.315      ; 106.898    ;
; -95.466 ; host_itf:inst1|my_clk_cnt[17] ; host_itf:inst1|seg_clk        ; FPGA_CLK     ; FPGA_CLK    ; 10.000       ; 1.315      ; 106.821    ;
; -95.381 ; host_itf:inst1|my_clk_cnt[18] ; host_itf:inst1|seg_clk        ; FPGA_CLK     ; FPGA_CLK    ; 10.000       ; 1.315      ; 106.736    ;
; -95.345 ; host_itf:inst1|my_clk_cnt[19] ; host_itf:inst1|seg_clk        ; FPGA_CLK     ; FPGA_CLK    ; 10.000       ; 1.315      ; 106.700    ;
; -95.210 ; host_itf:inst1|my_clk_cnt[20] ; host_itf:inst1|seg_clk        ; FPGA_CLK     ; FPGA_CLK    ; 10.000       ; 1.315      ; 106.565    ;
; -95.174 ; host_itf:inst1|my_clk_cnt[21] ; host_itf:inst1|seg_clk        ; FPGA_CLK     ; FPGA_CLK    ; 10.000       ; 1.315      ; 106.529    ;
; -95.088 ; host_itf:inst1|my_clk_cnt[22] ; host_itf:inst1|seg_clk        ; FPGA_CLK     ; FPGA_CLK    ; 10.000       ; 1.315      ; 106.443    ;
; -94.958 ; host_itf:inst1|my_clk_cnt[23] ; host_itf:inst1|seg_clk        ; FPGA_CLK     ; FPGA_CLK    ; 10.000       ; 1.315      ; 106.313    ;
; -94.811 ; host_itf:inst1|my_clk_cnt[24] ; host_itf:inst1|seg_clk        ; FPGA_CLK     ; FPGA_CLK    ; 10.000       ; 1.315      ; 106.166    ;
; -94.675 ; host_itf:inst1|my_clk_cnt[25] ; host_itf:inst1|seg_clk        ; FPGA_CLK     ; FPGA_CLK    ; 10.000       ; 1.315      ; 106.030    ;
; -94.639 ; host_itf:inst1|my_clk_cnt[26] ; host_itf:inst1|seg_clk        ; FPGA_CLK     ; FPGA_CLK    ; 10.000       ; 1.315      ; 105.994    ;
; -94.504 ; host_itf:inst1|my_clk_cnt[27] ; host_itf:inst1|seg_clk        ; FPGA_CLK     ; FPGA_CLK    ; 10.000       ; 1.315      ; 105.859    ;
; -94.468 ; host_itf:inst1|my_clk_cnt[28] ; host_itf:inst1|seg_clk        ; FPGA_CLK     ; FPGA_CLK    ; 10.000       ; 1.315      ; 105.823    ;
; -94.332 ; host_itf:inst1|my_clk_cnt[29] ; host_itf:inst1|seg_clk        ; FPGA_CLK     ; FPGA_CLK    ; 10.000       ; 1.315      ; 105.687    ;
; -94.246 ; host_itf:inst1|my_clk_cnt[30] ; host_itf:inst1|seg_clk        ; FPGA_CLK     ; FPGA_CLK    ; 10.000       ; 1.315      ; 105.601    ;
; -93.343 ; host_itf:inst1|my_clk_cnt[31] ; host_itf:inst1|seg_clk        ; FPGA_CLK     ; FPGA_CLK    ; 10.000       ; 1.315      ; 104.698    ;
; 1.082   ; host_itf:inst1|my_clk_cnt[9]  ; host_itf:inst1|my_clk_cnt[12] ; FPGA_CLK     ; FPGA_CLK    ; 10.000       ; 0.000      ; 8.958      ;
; 1.390   ; host_itf:inst1|my_clk_cnt[26] ; host_itf:inst1|my_clk_cnt[12] ; FPGA_CLK     ; FPGA_CLK    ; 10.000       ; -0.014     ; 8.636      ;
; 1.443   ; host_itf:inst1|my_clk_cnt[11] ; host_itf:inst1|my_clk_cnt[12] ; FPGA_CLK     ; FPGA_CLK    ; 10.000       ; 0.000      ; 8.597      ;
; 1.446   ; host_itf:inst1|my_clk_cnt[9]  ; host_itf:inst1|my_clk_cnt[14] ; FPGA_CLK     ; FPGA_CLK    ; 10.000       ; 0.000      ; 8.594      ;
; 1.478   ; host_itf:inst1|my_clk_cnt[15] ; host_itf:inst1|my_clk_cnt[12] ; FPGA_CLK     ; FPGA_CLK    ; 10.000       ; 0.000      ; 8.562      ;
; 1.559   ; host_itf:inst1|my_clk_cnt[0]  ; host_itf:inst1|my_clk_cnt[12] ; FPGA_CLK     ; FPGA_CLK    ; 10.000       ; 0.000      ; 8.481      ;
; 1.580   ; host_itf:inst1|my_clk_cnt[13] ; host_itf:inst1|my_clk_cnt[12] ; FPGA_CLK     ; FPGA_CLK    ; 10.000       ; 0.000      ; 8.460      ;
; 1.596   ; host_itf:inst1|my_clk_cnt[1]  ; host_itf:inst1|my_clk_cnt[12] ; FPGA_CLK     ; FPGA_CLK    ; 10.000       ; 0.000      ; 8.444      ;
; 1.754   ; host_itf:inst1|my_clk_cnt[26] ; host_itf:inst1|my_clk_cnt[14] ; FPGA_CLK     ; FPGA_CLK    ; 10.000       ; -0.014     ; 8.272      ;
; 1.755   ; host_itf:inst1|my_clk_cnt[2]  ; host_itf:inst1|my_clk_cnt[12] ; FPGA_CLK     ; FPGA_CLK    ; 10.000       ; 0.000      ; 8.285      ;
; 1.767   ; host_itf:inst1|my_clk_cnt[9]  ; host_itf:inst1|my_clk_cnt[15] ; FPGA_CLK     ; FPGA_CLK    ; 10.000       ; 0.000      ; 8.273      ;
; 1.776   ; host_itf:inst1|my_clk_cnt[8]  ; host_itf:inst1|my_clk_cnt[12] ; FPGA_CLK     ; FPGA_CLK    ; 10.000       ; 0.000      ; 8.264      ;
; 1.807   ; host_itf:inst1|my_clk_cnt[11] ; host_itf:inst1|my_clk_cnt[14] ; FPGA_CLK     ; FPGA_CLK    ; 10.000       ; 0.000      ; 8.233      ;
; 1.818   ; host_itf:inst1|my_clk_cnt[5]  ; host_itf:inst1|my_clk_cnt[12] ; FPGA_CLK     ; FPGA_CLK    ; 10.000       ; 0.000      ; 8.222      ;
; 1.836   ; host_itf:inst1|my_clk_cnt[16] ; host_itf:inst1|my_clk_cnt[12] ; FPGA_CLK     ; FPGA_CLK    ; 10.000       ; -0.014     ; 8.190      ;
; 1.842   ; host_itf:inst1|my_clk_cnt[15] ; host_itf:inst1|my_clk_cnt[14] ; FPGA_CLK     ; FPGA_CLK    ; 10.000       ; 0.000      ; 8.198      ;
; 1.852   ; host_itf:inst1|my_clk_cnt[9]  ; host_itf:inst1|my_clk_cnt[7]  ; FPGA_CLK     ; FPGA_CLK    ; 10.000       ; 0.000      ; 8.188      ;
; 1.869   ; host_itf:inst1|my_clk_cnt[10] ; host_itf:inst1|my_clk_cnt[12] ; FPGA_CLK     ; FPGA_CLK    ; 10.000       ; 0.000      ; 8.171      ;
; 1.923   ; host_itf:inst1|my_clk_cnt[0]  ; host_itf:inst1|my_clk_cnt[14] ; FPGA_CLK     ; FPGA_CLK    ; 10.000       ; 0.000      ; 8.117      ;
; 1.933   ; host_itf:inst1|my_clk_cnt[21] ; host_itf:inst1|my_clk_cnt[12] ; FPGA_CLK     ; FPGA_CLK    ; 10.000       ; -0.014     ; 8.093      ;
; 1.944   ; host_itf:inst1|my_clk_cnt[13] ; host_itf:inst1|my_clk_cnt[14] ; FPGA_CLK     ; FPGA_CLK    ; 10.000       ; 0.000      ; 8.096      ;
; 1.960   ; host_itf:inst1|my_clk_cnt[1]  ; host_itf:inst1|my_clk_cnt[14] ; FPGA_CLK     ; FPGA_CLK    ; 10.000       ; 0.000      ; 8.080      ;
; 1.989   ; host_itf:inst1|my_clk_cnt[4]  ; host_itf:inst1|my_clk_cnt[12] ; FPGA_CLK     ; FPGA_CLK    ; 10.000       ; 0.000      ; 8.051      ;
; 1.990   ; host_itf:inst1|my_clk_cnt[3]  ; host_itf:inst1|my_clk_cnt[12] ; FPGA_CLK     ; FPGA_CLK    ; 10.000       ; 0.000      ; 8.050      ;
; 2.075   ; host_itf:inst1|my_clk_cnt[26] ; host_itf:inst1|my_clk_cnt[15] ; FPGA_CLK     ; FPGA_CLK    ; 10.000       ; -0.014     ; 7.951      ;
; 2.119   ; host_itf:inst1|my_clk_cnt[2]  ; host_itf:inst1|my_clk_cnt[14] ; FPGA_CLK     ; FPGA_CLK    ; 10.000       ; 0.000      ; 7.921      ;
; 2.128   ; host_itf:inst1|my_clk_cnt[11] ; host_itf:inst1|my_clk_cnt[15] ; FPGA_CLK     ; FPGA_CLK    ; 10.000       ; 0.000      ; 7.912      ;
; 2.140   ; host_itf:inst1|my_clk_cnt[8]  ; host_itf:inst1|my_clk_cnt[14] ; FPGA_CLK     ; FPGA_CLK    ; 10.000       ; 0.000      ; 7.900      ;
; 2.160   ; host_itf:inst1|my_clk_cnt[26] ; host_itf:inst1|my_clk_cnt[7]  ; FPGA_CLK     ; FPGA_CLK    ; 10.000       ; -0.014     ; 7.866      ;
; 2.163   ; host_itf:inst1|my_clk_cnt[15] ; host_itf:inst1|my_clk_cnt[15] ; FPGA_CLK     ; FPGA_CLK    ; 10.000       ; 0.000      ; 7.877      ;
; 2.182   ; host_itf:inst1|my_clk_cnt[5]  ; host_itf:inst1|my_clk_cnt[14] ; FPGA_CLK     ; FPGA_CLK    ; 10.000       ; 0.000      ; 7.858      ;
; 2.200   ; host_itf:inst1|my_clk_cnt[16] ; host_itf:inst1|my_clk_cnt[14] ; FPGA_CLK     ; FPGA_CLK    ; 10.000       ; -0.014     ; 7.826      ;
; 2.213   ; host_itf:inst1|my_clk_cnt[11] ; host_itf:inst1|my_clk_cnt[7]  ; FPGA_CLK     ; FPGA_CLK    ; 10.000       ; 0.000      ; 7.827      ;
; 2.233   ; host_itf:inst1|my_clk_cnt[10] ; host_itf:inst1|my_clk_cnt[14] ; FPGA_CLK     ; FPGA_CLK    ; 10.000       ; 0.000      ; 7.807      ;
; 2.244   ; host_itf:inst1|my_clk_cnt[0]  ; host_itf:inst1|my_clk_cnt[15] ; FPGA_CLK     ; FPGA_CLK    ; 10.000       ; 0.000      ; 7.796      ;
; 2.248   ; host_itf:inst1|my_clk_cnt[15] ; host_itf:inst1|my_clk_cnt[7]  ; FPGA_CLK     ; FPGA_CLK    ; 10.000       ; 0.000      ; 7.792      ;
; 2.265   ; host_itf:inst1|my_clk_cnt[13] ; host_itf:inst1|my_clk_cnt[15] ; FPGA_CLK     ; FPGA_CLK    ; 10.000       ; 0.000      ; 7.775      ;
; 2.281   ; host_itf:inst1|my_clk_cnt[1]  ; host_itf:inst1|my_clk_cnt[15] ; FPGA_CLK     ; FPGA_CLK    ; 10.000       ; 0.000      ; 7.759      ;
; 2.297   ; host_itf:inst1|my_clk_cnt[21] ; host_itf:inst1|my_clk_cnt[14] ; FPGA_CLK     ; FPGA_CLK    ; 10.000       ; -0.014     ; 7.729      ;
; 2.329   ; host_itf:inst1|my_clk_cnt[0]  ; host_itf:inst1|my_clk_cnt[7]  ; FPGA_CLK     ; FPGA_CLK    ; 10.000       ; 0.000      ; 7.711      ;
; 2.350   ; host_itf:inst1|my_clk_cnt[13] ; host_itf:inst1|my_clk_cnt[7]  ; FPGA_CLK     ; FPGA_CLK    ; 10.000       ; 0.000      ; 7.690      ;
; 2.353   ; host_itf:inst1|my_clk_cnt[4]  ; host_itf:inst1|my_clk_cnt[14] ; FPGA_CLK     ; FPGA_CLK    ; 10.000       ; 0.000      ; 7.687      ;
; 2.354   ; host_itf:inst1|my_clk_cnt[3]  ; host_itf:inst1|my_clk_cnt[14] ; FPGA_CLK     ; FPGA_CLK    ; 10.000       ; 0.000      ; 7.686      ;
; 2.366   ; host_itf:inst1|my_clk_cnt[1]  ; host_itf:inst1|my_clk_cnt[7]  ; FPGA_CLK     ; FPGA_CLK    ; 10.000       ; 0.000      ; 7.674      ;
; 2.440   ; host_itf:inst1|my_clk_cnt[2]  ; host_itf:inst1|my_clk_cnt[15] ; FPGA_CLK     ; FPGA_CLK    ; 10.000       ; 0.000      ; 7.600      ;
; 2.461   ; host_itf:inst1|my_clk_cnt[8]  ; host_itf:inst1|my_clk_cnt[15] ; FPGA_CLK     ; FPGA_CLK    ; 10.000       ; 0.000      ; 7.579      ;
; 2.503   ; host_itf:inst1|my_clk_cnt[5]  ; host_itf:inst1|my_clk_cnt[15] ; FPGA_CLK     ; FPGA_CLK    ; 10.000       ; 0.000      ; 7.537      ;
; 2.518   ; host_itf:inst1|my_clk_cnt[6]  ; host_itf:inst1|my_clk_cnt[12] ; FPGA_CLK     ; FPGA_CLK    ; 10.000       ; 0.000      ; 7.522      ;
; 2.521   ; host_itf:inst1|my_clk_cnt[16] ; host_itf:inst1|my_clk_cnt[15] ; FPGA_CLK     ; FPGA_CLK    ; 10.000       ; -0.014     ; 7.505      ;
; 2.525   ; host_itf:inst1|my_clk_cnt[2]  ; host_itf:inst1|my_clk_cnt[7]  ; FPGA_CLK     ; FPGA_CLK    ; 10.000       ; 0.000      ; 7.515      ;
; 2.546   ; host_itf:inst1|my_clk_cnt[8]  ; host_itf:inst1|my_clk_cnt[7]  ; FPGA_CLK     ; FPGA_CLK    ; 10.000       ; 0.000      ; 7.494      ;
; 2.554   ; host_itf:inst1|my_clk_cnt[10] ; host_itf:inst1|my_clk_cnt[15] ; FPGA_CLK     ; FPGA_CLK    ; 10.000       ; 0.000      ; 7.486      ;
; 2.565   ; host_itf:inst1|my_clk_cnt[7]  ; host_itf:inst1|my_clk_cnt[12] ; FPGA_CLK     ; FPGA_CLK    ; 10.000       ; 0.000      ; 7.475      ;
; 2.588   ; host_itf:inst1|my_clk_cnt[5]  ; host_itf:inst1|my_clk_cnt[7]  ; FPGA_CLK     ; FPGA_CLK    ; 10.000       ; 0.000      ; 7.452      ;
; 2.606   ; host_itf:inst1|my_clk_cnt[16] ; host_itf:inst1|my_clk_cnt[7]  ; FPGA_CLK     ; FPGA_CLK    ; 10.000       ; -0.014     ; 7.420      ;
; 2.618   ; host_itf:inst1|my_clk_cnt[0]  ; host_itf:inst1|my_clk_cnt[19] ; FPGA_CLK     ; FPGA_CLK    ; 10.000       ; 0.014      ; 7.436      ;
; 2.618   ; host_itf:inst1|my_clk_cnt[21] ; host_itf:inst1|my_clk_cnt[15] ; FPGA_CLK     ; FPGA_CLK    ; 10.000       ; -0.014     ; 7.408      ;
; 2.629   ; host_itf:inst1|my_clk_cnt[9]  ; host_itf:inst1|my_clk_cnt[13] ; FPGA_CLK     ; FPGA_CLK    ; 10.000       ; 0.000      ; 7.411      ;
; 2.639   ; host_itf:inst1|my_clk_cnt[10] ; host_itf:inst1|my_clk_cnt[7]  ; FPGA_CLK     ; FPGA_CLK    ; 10.000       ; 0.000      ; 7.401      ;
; 2.674   ; host_itf:inst1|my_clk_cnt[4]  ; host_itf:inst1|my_clk_cnt[15] ; FPGA_CLK     ; FPGA_CLK    ; 10.000       ; 0.000      ; 7.366      ;
; 2.675   ; host_itf:inst1|my_clk_cnt[3]  ; host_itf:inst1|my_clk_cnt[15] ; FPGA_CLK     ; FPGA_CLK    ; 10.000       ; 0.000      ; 7.365      ;
; 2.695   ; host_itf:inst1|my_clk_cnt[1]  ; host_itf:inst1|my_clk_cnt[19] ; FPGA_CLK     ; FPGA_CLK    ; 10.000       ; 0.014      ; 7.359      ;
; 2.703   ; host_itf:inst1|my_clk_cnt[21] ; host_itf:inst1|my_clk_cnt[7]  ; FPGA_CLK     ; FPGA_CLK    ; 10.000       ; -0.014     ; 7.323      ;
; 2.704   ; host_itf:inst1|my_clk_cnt[28] ; host_itf:inst1|my_clk_cnt[12] ; FPGA_CLK     ; FPGA_CLK    ; 10.000       ; -0.014     ; 7.322      ;
; 2.708   ; host_itf:inst1|my_clk_cnt[25] ; host_itf:inst1|my_clk_cnt[12] ; FPGA_CLK     ; FPGA_CLK    ; 10.000       ; -0.014     ; 7.318      ;
; 2.728   ; host_itf:inst1|my_clk_cnt[19] ; host_itf:inst1|my_clk_cnt[12] ; FPGA_CLK     ; FPGA_CLK    ; 10.000       ; -0.014     ; 7.298      ;
; 2.752   ; host_itf:inst1|my_clk_cnt[27] ; host_itf:inst1|my_clk_cnt[12] ; FPGA_CLK     ; FPGA_CLK    ; 10.000       ; -0.014     ; 7.274      ;
; 2.759   ; host_itf:inst1|my_clk_cnt[4]  ; host_itf:inst1|my_clk_cnt[7]  ; FPGA_CLK     ; FPGA_CLK    ; 10.000       ; 0.000      ; 7.281      ;
+---------+-------------------------------+-------------------------------+--------------+-------------+--------------+------------+------------+


+---------------------------------------------------------------------------------------------------------------------------------------------+
; Hold: 'FPGA_CLK'                                                                                                                            ;
+-------+-------------------------------+-------------------------------+--------------+-------------+--------------+------------+------------+
; Slack ; From Node                     ; To Node                       ; Launch Clock ; Latch Clock ; Relationship ; Clock Skew ; Data Delay ;
+-------+-------------------------------+-------------------------------+--------------+-------------+--------------+------------+------------+
; 0.499 ; host_itf:inst1|seg_clk        ; host_itf:inst1|seg_clk        ; FPGA_CLK     ; FPGA_CLK    ; 0.000        ; 0.000      ; 0.805      ;
; 0.753 ; host_itf:inst1|my_clk_cnt[31] ; host_itf:inst1|my_clk_cnt[31] ; FPGA_CLK     ; FPGA_CLK    ; 0.000        ; 0.000      ; 1.059      ;
; 0.892 ; host_io:inst|re_dly           ; host_io:inst|re_dly1          ; FPGA_CLK     ; FPGA_CLK    ; 0.000        ; 0.000      ; 1.198      ;
; 1.166 ; host_itf:inst1|my_clk_cnt[16] ; host_itf:inst1|my_clk_cnt[16] ; FPGA_CLK     ; FPGA_CLK    ; 0.000        ; 0.000      ; 1.472      ;
; 1.167 ; host_itf:inst1|my_clk_cnt[0]  ; host_itf:inst1|my_clk_cnt[0]  ; FPGA_CLK     ; FPGA_CLK    ; 0.000        ; 0.000      ; 1.473      ;
; 1.175 ; host_itf:inst1|my_clk_cnt[1]  ; host_itf:inst1|my_clk_cnt[1]  ; FPGA_CLK     ; FPGA_CLK    ; 0.000        ; 0.000      ; 1.481      ;
; 1.176 ; host_itf:inst1|my_clk_cnt[2]  ; host_itf:inst1|my_clk_cnt[2]  ; FPGA_CLK     ; FPGA_CLK    ; 0.000        ; 0.000      ; 1.482      ;
; 1.176 ; host_itf:inst1|my_clk_cnt[9]  ; host_itf:inst1|my_clk_cnt[9]  ; FPGA_CLK     ; FPGA_CLK    ; 0.000        ; 0.000      ; 1.482      ;
; 1.176 ; host_itf:inst1|my_clk_cnt[18] ; host_itf:inst1|my_clk_cnt[18] ; FPGA_CLK     ; FPGA_CLK    ; 0.000        ; 0.000      ; 1.482      ;
; 1.177 ; host_itf:inst1|my_clk_cnt[30] ; host_itf:inst1|my_clk_cnt[30] ; FPGA_CLK     ; FPGA_CLK    ; 0.000        ; 0.000      ; 1.483      ;
; 1.177 ; host_itf:inst1|my_clk_cnt[29] ; host_itf:inst1|my_clk_cnt[29] ; FPGA_CLK     ; FPGA_CLK    ; 0.000        ; 0.000      ; 1.483      ;
; 1.177 ; host_itf:inst1|my_clk_cnt[27] ; host_itf:inst1|my_clk_cnt[27] ; FPGA_CLK     ; FPGA_CLK    ; 0.000        ; 0.000      ; 1.483      ;
; 1.177 ; host_itf:inst1|my_clk_cnt[4]  ; host_itf:inst1|my_clk_cnt[4]  ; FPGA_CLK     ; FPGA_CLK    ; 0.000        ; 0.000      ; 1.483      ;
; 1.177 ; host_itf:inst1|my_clk_cnt[11] ; host_itf:inst1|my_clk_cnt[11] ; FPGA_CLK     ; FPGA_CLK    ; 0.000        ; 0.000      ; 1.483      ;
; 1.225 ; host_itf:inst1|my_clk_cnt[26] ; host_itf:inst1|my_clk_cnt[26] ; FPGA_CLK     ; FPGA_CLK    ; 0.000        ; 0.000      ; 1.531      ;
; 1.225 ; host_itf:inst1|my_clk_cnt[24] ; host_itf:inst1|my_clk_cnt[24] ; FPGA_CLK     ; FPGA_CLK    ; 0.000        ; 0.000      ; 1.531      ;
; 1.225 ; host_itf:inst1|my_clk_cnt[3]  ; host_itf:inst1|my_clk_cnt[3]  ; FPGA_CLK     ; FPGA_CLK    ; 0.000        ; 0.000      ; 1.531      ;
; 1.225 ; host_itf:inst1|my_clk_cnt[8]  ; host_itf:inst1|my_clk_cnt[8]  ; FPGA_CLK     ; FPGA_CLK    ; 0.000        ; 0.000      ; 1.531      ;
; 1.225 ; host_itf:inst1|my_clk_cnt[10] ; host_itf:inst1|my_clk_cnt[10] ; FPGA_CLK     ; FPGA_CLK    ; 0.000        ; 0.000      ; 1.531      ;
; 1.226 ; host_itf:inst1|my_clk_cnt[28] ; host_itf:inst1|my_clk_cnt[28] ; FPGA_CLK     ; FPGA_CLK    ; 0.000        ; 0.000      ; 1.532      ;
; 1.226 ; host_itf:inst1|my_clk_cnt[5]  ; host_itf:inst1|my_clk_cnt[5]  ; FPGA_CLK     ; FPGA_CLK    ; 0.000        ; 0.000      ; 1.532      ;
; 1.226 ; host_itf:inst1|my_clk_cnt[6]  ; host_itf:inst1|my_clk_cnt[6]  ; FPGA_CLK     ; FPGA_CLK    ; 0.000        ; 0.000      ; 1.532      ;
; 1.645 ; host_itf:inst1|my_clk_cnt[0]  ; host_itf:inst1|my_clk_cnt[1]  ; FPGA_CLK     ; FPGA_CLK    ; 0.000        ; 0.000      ; 1.951      ;
; 1.654 ; host_itf:inst1|my_clk_cnt[1]  ; host_itf:inst1|my_clk_cnt[2]  ; FPGA_CLK     ; FPGA_CLK    ; 0.000        ; 0.000      ; 1.960      ;
; 1.654 ; host_itf:inst1|my_clk_cnt[17] ; host_itf:inst1|my_clk_cnt[18] ; FPGA_CLK     ; FPGA_CLK    ; 0.000        ; 0.000      ; 1.960      ;
; 1.655 ; host_itf:inst1|my_clk_cnt[25] ; host_itf:inst1|my_clk_cnt[26] ; FPGA_CLK     ; FPGA_CLK    ; 0.000        ; 0.000      ; 1.961      ;
; 1.655 ; host_itf:inst1|my_clk_cnt[2]  ; host_itf:inst1|my_clk_cnt[3]  ; FPGA_CLK     ; FPGA_CLK    ; 0.000        ; 0.000      ; 1.961      ;
; 1.655 ; host_itf:inst1|my_clk_cnt[9]  ; host_itf:inst1|my_clk_cnt[10] ; FPGA_CLK     ; FPGA_CLK    ; 0.000        ; 0.000      ; 1.961      ;
; 1.656 ; host_itf:inst1|my_clk_cnt[30] ; host_itf:inst1|my_clk_cnt[31] ; FPGA_CLK     ; FPGA_CLK    ; 0.000        ; 0.000      ; 1.962      ;
; 1.656 ; host_itf:inst1|my_clk_cnt[29] ; host_itf:inst1|my_clk_cnt[30] ; FPGA_CLK     ; FPGA_CLK    ; 0.000        ; 0.000      ; 1.962      ;
; 1.656 ; host_itf:inst1|my_clk_cnt[27] ; host_itf:inst1|my_clk_cnt[28] ; FPGA_CLK     ; FPGA_CLK    ; 0.000        ; 0.000      ; 1.962      ;
; 1.656 ; host_itf:inst1|my_clk_cnt[4]  ; host_itf:inst1|my_clk_cnt[5]  ; FPGA_CLK     ; FPGA_CLK    ; 0.000        ; 0.000      ; 1.962      ;
; 1.705 ; host_itf:inst1|my_clk_cnt[8]  ; host_itf:inst1|my_clk_cnt[9]  ; FPGA_CLK     ; FPGA_CLK    ; 0.000        ; 0.000      ; 2.011      ;
; 1.705 ; host_itf:inst1|my_clk_cnt[26] ; host_itf:inst1|my_clk_cnt[27] ; FPGA_CLK     ; FPGA_CLK    ; 0.000        ; 0.000      ; 2.011      ;
; 1.705 ; host_itf:inst1|my_clk_cnt[3]  ; host_itf:inst1|my_clk_cnt[4]  ; FPGA_CLK     ; FPGA_CLK    ; 0.000        ; 0.000      ; 2.011      ;
; 1.705 ; host_itf:inst1|my_clk_cnt[10] ; host_itf:inst1|my_clk_cnt[11] ; FPGA_CLK     ; FPGA_CLK    ; 0.000        ; 0.000      ; 2.011      ;
; 1.706 ; host_itf:inst1|my_clk_cnt[28] ; host_itf:inst1|my_clk_cnt[29] ; FPGA_CLK     ; FPGA_CLK    ; 0.000        ; 0.000      ; 2.012      ;
; 1.706 ; host_itf:inst1|my_clk_cnt[5]  ; host_itf:inst1|my_clk_cnt[6]  ; FPGA_CLK     ; FPGA_CLK    ; 0.000        ; 0.000      ; 2.012      ;
; 1.731 ; host_itf:inst1|my_clk_cnt[0]  ; host_itf:inst1|my_clk_cnt[2]  ; FPGA_CLK     ; FPGA_CLK    ; 0.000        ; 0.000      ; 2.037      ;
; 1.731 ; host_itf:inst1|my_clk_cnt[16] ; host_itf:inst1|my_clk_cnt[18] ; FPGA_CLK     ; FPGA_CLK    ; 0.000        ; 0.000      ; 2.037      ;
; 1.740 ; host_itf:inst1|my_clk_cnt[1]  ; host_itf:inst1|my_clk_cnt[3]  ; FPGA_CLK     ; FPGA_CLK    ; 0.000        ; 0.000      ; 2.046      ;
; 1.741 ; host_itf:inst1|my_clk_cnt[25] ; host_itf:inst1|my_clk_cnt[27] ; FPGA_CLK     ; FPGA_CLK    ; 0.000        ; 0.000      ; 2.047      ;
; 1.741 ; host_itf:inst1|my_clk_cnt[2]  ; host_itf:inst1|my_clk_cnt[4]  ; FPGA_CLK     ; FPGA_CLK    ; 0.000        ; 0.000      ; 2.047      ;
; 1.741 ; host_itf:inst1|my_clk_cnt[9]  ; host_itf:inst1|my_clk_cnt[11] ; FPGA_CLK     ; FPGA_CLK    ; 0.000        ; 0.000      ; 2.047      ;
; 1.742 ; host_itf:inst1|my_clk_cnt[29] ; host_itf:inst1|my_clk_cnt[31] ; FPGA_CLK     ; FPGA_CLK    ; 0.000        ; 0.000      ; 2.048      ;
; 1.742 ; host_itf:inst1|my_clk_cnt[27] ; host_itf:inst1|my_clk_cnt[29] ; FPGA_CLK     ; FPGA_CLK    ; 0.000        ; 0.000      ; 2.048      ;
; 1.742 ; host_itf:inst1|my_clk_cnt[4]  ; host_itf:inst1|my_clk_cnt[6]  ; FPGA_CLK     ; FPGA_CLK    ; 0.000        ; 0.000      ; 2.048      ;
; 1.751 ; host_itf:inst1|my_clk_cnt[15] ; host_itf:inst1|my_clk_cnt[16] ; FPGA_CLK     ; FPGA_CLK    ; 0.000        ; 0.014      ; 2.071      ;
; 1.766 ; host_itf:inst1|my_clk_cnt[23] ; host_itf:inst1|my_clk_cnt[24] ; FPGA_CLK     ; FPGA_CLK    ; 0.000        ; 0.000      ; 2.072      ;
; 1.766 ; host_itf:inst1|my_clk_cnt[7]  ; host_itf:inst1|my_clk_cnt[8]  ; FPGA_CLK     ; FPGA_CLK    ; 0.000        ; 0.000      ; 2.072      ;
; 1.791 ; host_itf:inst1|my_clk_cnt[24] ; host_itf:inst1|my_clk_cnt[26] ; FPGA_CLK     ; FPGA_CLK    ; 0.000        ; 0.000      ; 2.097      ;
; 1.791 ; host_itf:inst1|my_clk_cnt[8]  ; host_itf:inst1|my_clk_cnt[10] ; FPGA_CLK     ; FPGA_CLK    ; 0.000        ; 0.000      ; 2.097      ;
; 1.791 ; host_itf:inst1|my_clk_cnt[26] ; host_itf:inst1|my_clk_cnt[28] ; FPGA_CLK     ; FPGA_CLK    ; 0.000        ; 0.000      ; 2.097      ;
; 1.791 ; host_itf:inst1|my_clk_cnt[3]  ; host_itf:inst1|my_clk_cnt[5]  ; FPGA_CLK     ; FPGA_CLK    ; 0.000        ; 0.000      ; 2.097      ;
; 1.792 ; host_itf:inst1|my_clk_cnt[28] ; host_itf:inst1|my_clk_cnt[30] ; FPGA_CLK     ; FPGA_CLK    ; 0.000        ; 0.000      ; 2.098      ;
; 1.817 ; host_itf:inst1|my_clk_cnt[0]  ; host_itf:inst1|my_clk_cnt[3]  ; FPGA_CLK     ; FPGA_CLK    ; 0.000        ; 0.000      ; 2.123      ;
; 1.817 ; host_itf:inst1|my_clk_cnt[14] ; host_itf:inst1|my_clk_cnt[16] ; FPGA_CLK     ; FPGA_CLK    ; 0.000        ; 0.014      ; 2.137      ;
; 1.826 ; host_itf:inst1|my_clk_cnt[1]  ; host_itf:inst1|my_clk_cnt[4]  ; FPGA_CLK     ; FPGA_CLK    ; 0.000        ; 0.000      ; 2.132      ;
; 1.827 ; host_itf:inst1|my_clk_cnt[25] ; host_itf:inst1|my_clk_cnt[28] ; FPGA_CLK     ; FPGA_CLK    ; 0.000        ; 0.000      ; 2.133      ;
; 1.827 ; host_itf:inst1|my_clk_cnt[2]  ; host_itf:inst1|my_clk_cnt[5]  ; FPGA_CLK     ; FPGA_CLK    ; 0.000        ; 0.000      ; 2.133      ;
; 1.828 ; host_itf:inst1|my_clk_cnt[27] ; host_itf:inst1|my_clk_cnt[30] ; FPGA_CLK     ; FPGA_CLK    ; 0.000        ; 0.000      ; 2.134      ;
; 1.852 ; host_itf:inst1|my_clk_cnt[7]  ; host_itf:inst1|my_clk_cnt[9]  ; FPGA_CLK     ; FPGA_CLK    ; 0.000        ; 0.000      ; 2.158      ;
; 1.877 ; host_itf:inst1|my_clk_cnt[24] ; host_itf:inst1|my_clk_cnt[27] ; FPGA_CLK     ; FPGA_CLK    ; 0.000        ; 0.000      ; 2.183      ;
; 1.877 ; host_itf:inst1|my_clk_cnt[8]  ; host_itf:inst1|my_clk_cnt[11] ; FPGA_CLK     ; FPGA_CLK    ; 0.000        ; 0.000      ; 2.183      ;
; 1.877 ; host_itf:inst1|my_clk_cnt[26] ; host_itf:inst1|my_clk_cnt[29] ; FPGA_CLK     ; FPGA_CLK    ; 0.000        ; 0.000      ; 2.183      ;
; 1.877 ; host_itf:inst1|my_clk_cnt[3]  ; host_itf:inst1|my_clk_cnt[6]  ; FPGA_CLK     ; FPGA_CLK    ; 0.000        ; 0.000      ; 2.183      ;
; 1.878 ; host_itf:inst1|my_clk_cnt[28] ; host_itf:inst1|my_clk_cnt[31] ; FPGA_CLK     ; FPGA_CLK    ; 0.000        ; 0.000      ; 2.184      ;
; 1.896 ; host_itf:inst1|my_clk_cnt[22] ; host_itf:inst1|my_clk_cnt[24] ; FPGA_CLK     ; FPGA_CLK    ; 0.000        ; 0.000      ; 2.202      ;
; 1.896 ; host_itf:inst1|my_clk_cnt[6]  ; host_itf:inst1|my_clk_cnt[8]  ; FPGA_CLK     ; FPGA_CLK    ; 0.000        ; 0.000      ; 2.202      ;
; 1.903 ; host_itf:inst1|my_clk_cnt[13] ; host_itf:inst1|my_clk_cnt[16] ; FPGA_CLK     ; FPGA_CLK    ; 0.000        ; 0.014      ; 2.223      ;
; 1.903 ; host_itf:inst1|my_clk_cnt[0]  ; host_itf:inst1|my_clk_cnt[4]  ; FPGA_CLK     ; FPGA_CLK    ; 0.000        ; 0.000      ; 2.209      ;
; 1.912 ; host_itf:inst1|my_clk_cnt[1]  ; host_itf:inst1|my_clk_cnt[5]  ; FPGA_CLK     ; FPGA_CLK    ; 0.000        ; 0.000      ; 2.218      ;
; 1.913 ; host_itf:inst1|my_clk_cnt[25] ; host_itf:inst1|my_clk_cnt[29] ; FPGA_CLK     ; FPGA_CLK    ; 0.000        ; 0.000      ; 2.219      ;
; 1.913 ; host_itf:inst1|my_clk_cnt[2]  ; host_itf:inst1|my_clk_cnt[6]  ; FPGA_CLK     ; FPGA_CLK    ; 0.000        ; 0.000      ; 2.219      ;
; 1.914 ; host_itf:inst1|my_clk_cnt[27] ; host_itf:inst1|my_clk_cnt[31] ; FPGA_CLK     ; FPGA_CLK    ; 0.000        ; 0.000      ; 2.220      ;
; 1.923 ; host_itf:inst1|my_clk_cnt[15] ; host_itf:inst1|my_clk_cnt[18] ; FPGA_CLK     ; FPGA_CLK    ; 0.000        ; 0.014      ; 2.243      ;
; 1.938 ; host_itf:inst1|my_clk_cnt[23] ; host_itf:inst1|my_clk_cnt[26] ; FPGA_CLK     ; FPGA_CLK    ; 0.000        ; 0.000      ; 2.244      ;
; 1.938 ; host_itf:inst1|my_clk_cnt[7]  ; host_itf:inst1|my_clk_cnt[10] ; FPGA_CLK     ; FPGA_CLK    ; 0.000        ; 0.000      ; 2.244      ;
; 1.963 ; host_itf:inst1|my_clk_cnt[24] ; host_itf:inst1|my_clk_cnt[28] ; FPGA_CLK     ; FPGA_CLK    ; 0.000        ; 0.000      ; 2.269      ;
; 1.963 ; host_itf:inst1|my_clk_cnt[26] ; host_itf:inst1|my_clk_cnt[30] ; FPGA_CLK     ; FPGA_CLK    ; 0.000        ; 0.000      ; 2.269      ;
; 1.982 ; host_itf:inst1|my_clk_cnt[6]  ; host_itf:inst1|my_clk_cnt[9]  ; FPGA_CLK     ; FPGA_CLK    ; 0.000        ; 0.000      ; 2.288      ;
; 1.982 ; host_itf:inst1|my_clk_cnt[21] ; host_itf:inst1|my_clk_cnt[24] ; FPGA_CLK     ; FPGA_CLK    ; 0.000        ; 0.000      ; 2.288      ;
; 1.982 ; host_itf:inst1|my_clk_cnt[5]  ; host_itf:inst1|my_clk_cnt[8]  ; FPGA_CLK     ; FPGA_CLK    ; 0.000        ; 0.000      ; 2.288      ;
; 1.989 ; host_itf:inst1|my_clk_cnt[0]  ; host_itf:inst1|my_clk_cnt[5]  ; FPGA_CLK     ; FPGA_CLK    ; 0.000        ; 0.000      ; 2.295      ;
; 1.989 ; host_itf:inst1|my_clk_cnt[14] ; host_itf:inst1|my_clk_cnt[18] ; FPGA_CLK     ; FPGA_CLK    ; 0.000        ; 0.014      ; 2.309      ;
; 1.998 ; host_itf:inst1|my_clk_cnt[1]  ; host_itf:inst1|my_clk_cnt[6]  ; FPGA_CLK     ; FPGA_CLK    ; 0.000        ; 0.000      ; 2.304      ;
; 1.999 ; host_itf:inst1|my_clk_cnt[25] ; host_itf:inst1|my_clk_cnt[30] ; FPGA_CLK     ; FPGA_CLK    ; 0.000        ; 0.000      ; 2.305      ;
; 2.018 ; host_itf:inst1|my_clk_cnt[20] ; host_itf:inst1|my_clk_cnt[24] ; FPGA_CLK     ; FPGA_CLK    ; 0.000        ; 0.000      ; 2.324      ;
; 2.018 ; host_itf:inst1|my_clk_cnt[4]  ; host_itf:inst1|my_clk_cnt[8]  ; FPGA_CLK     ; FPGA_CLK    ; 0.000        ; 0.000      ; 2.324      ;
; 2.024 ; host_itf:inst1|my_clk_cnt[23] ; host_itf:inst1|my_clk_cnt[27] ; FPGA_CLK     ; FPGA_CLK    ; 0.000        ; 0.000      ; 2.330      ;
; 2.024 ; host_itf:inst1|my_clk_cnt[7]  ; host_itf:inst1|my_clk_cnt[11] ; FPGA_CLK     ; FPGA_CLK    ; 0.000        ; 0.000      ; 2.330      ;
; 2.039 ; host_itf:inst1|my_clk_cnt[12] ; host_itf:inst1|my_clk_cnt[16] ; FPGA_CLK     ; FPGA_CLK    ; 0.000        ; 0.014      ; 2.359      ;
; 2.049 ; host_itf:inst1|my_clk_cnt[24] ; host_itf:inst1|my_clk_cnt[29] ; FPGA_CLK     ; FPGA_CLK    ; 0.000        ; 0.000      ; 2.355      ;
; 2.049 ; host_itf:inst1|my_clk_cnt[26] ; host_itf:inst1|my_clk_cnt[31] ; FPGA_CLK     ; FPGA_CLK    ; 0.000        ; 0.000      ; 2.355      ;
; 2.068 ; host_itf:inst1|my_clk_cnt[22] ; host_itf:inst1|my_clk_cnt[26] ; FPGA_CLK     ; FPGA_CLK    ; 0.000        ; 0.000      ; 2.374      ;
; 2.068 ; host_itf:inst1|my_clk_cnt[6]  ; host_itf:inst1|my_clk_cnt[10] ; FPGA_CLK     ; FPGA_CLK    ; 0.000        ; 0.000      ; 2.374      ;
; 2.068 ; host_itf:inst1|my_clk_cnt[5]  ; host_itf:inst1|my_clk_cnt[9]  ; FPGA_CLK     ; FPGA_CLK    ; 0.000        ; 0.000      ; 2.374      ;
; 2.075 ; host_itf:inst1|my_clk_cnt[13] ; host_itf:inst1|my_clk_cnt[18] ; FPGA_CLK     ; FPGA_CLK    ; 0.000        ; 0.014      ; 2.395      ;
; 2.075 ; host_itf:inst1|my_clk_cnt[0]  ; host_itf:inst1|my_clk_cnt[6]  ; FPGA_CLK     ; FPGA_CLK    ; 0.000        ; 0.000      ; 2.381      ;
; 2.075 ; host_itf:inst1|my_clk_cnt[11] ; host_itf:inst1|my_clk_cnt[16] ; FPGA_CLK     ; FPGA_CLK    ; 0.000        ; 0.014      ; 2.395      ;
+-------+-------------------------------+-------------------------------+--------------+-------------+--------------+------------+------------+


+------------------------------------------------------------------------------------------------------------------+
; Minimum Pulse Width: 'FPGA_CLK'                                                                                  ;
+-------+--------------+----------------+------------------+----------+------------+-------------------------------+
; Slack ; Actual Width ; Required Width ; Type             ; Clock    ; Clock Edge ; Target                        ;
+-------+--------------+----------------+------------------+----------+------------+-------------------------------+
; 3.758 ; 5.000        ; 1.242          ; High Pulse Width ; FPGA_CLK ; Rise       ; host_io:inst|re_dly           ;
; 3.758 ; 5.000        ; 1.242          ; Low Pulse Width  ; FPGA_CLK ; Rise       ; host_io:inst|re_dly           ;
; 3.758 ; 5.000        ; 1.242          ; High Pulse Width ; FPGA_CLK ; Rise       ; host_io:inst|re_dly1          ;
; 3.758 ; 5.000        ; 1.242          ; Low Pulse Width  ; FPGA_CLK ; Rise       ; host_io:inst|re_dly1          ;
; 3.758 ; 5.000        ; 1.242          ; High Pulse Width ; FPGA_CLK ; Rise       ; host_itf:inst1|my_clk_cnt[0]  ;
; 3.758 ; 5.000        ; 1.242          ; Low Pulse Width  ; FPGA_CLK ; Rise       ; host_itf:inst1|my_clk_cnt[0]  ;
; 3.758 ; 5.000        ; 1.242          ; High Pulse Width ; FPGA_CLK ; Rise       ; host_itf:inst1|my_clk_cnt[10] ;
; 3.758 ; 5.000        ; 1.242          ; Low Pulse Width  ; FPGA_CLK ; Rise       ; host_itf:inst1|my_clk_cnt[10] ;
; 3.758 ; 5.000        ; 1.242          ; High Pulse Width ; FPGA_CLK ; Rise       ; host_itf:inst1|my_clk_cnt[11] ;
; 3.758 ; 5.000        ; 1.242          ; Low Pulse Width  ; FPGA_CLK ; Rise       ; host_itf:inst1|my_clk_cnt[11] ;
; 3.758 ; 5.000        ; 1.242          ; High Pulse Width ; FPGA_CLK ; Rise       ; host_itf:inst1|my_clk_cnt[12] ;
; 3.758 ; 5.000        ; 1.242          ; Low Pulse Width  ; FPGA_CLK ; Rise       ; host_itf:inst1|my_clk_cnt[12] ;
; 3.758 ; 5.000        ; 1.242          ; High Pulse Width ; FPGA_CLK ; Rise       ; host_itf:inst1|my_clk_cnt[13] ;
; 3.758 ; 5.000        ; 1.242          ; Low Pulse Width  ; FPGA_CLK ; Rise       ; host_itf:inst1|my_clk_cnt[13] ;
; 3.758 ; 5.000        ; 1.242          ; High Pulse Width ; FPGA_CLK ; Rise       ; host_itf:inst1|my_clk_cnt[14] ;
; 3.758 ; 5.000        ; 1.242          ; Low Pulse Width  ; FPGA_CLK ; Rise       ; host_itf:inst1|my_clk_cnt[14] ;
; 3.758 ; 5.000        ; 1.242          ; High Pulse Width ; FPGA_CLK ; Rise       ; host_itf:inst1|my_clk_cnt[15] ;
; 3.758 ; 5.000        ; 1.242          ; Low Pulse Width  ; FPGA_CLK ; Rise       ; host_itf:inst1|my_clk_cnt[15] ;
; 3.758 ; 5.000        ; 1.242          ; High Pulse Width ; FPGA_CLK ; Rise       ; host_itf:inst1|my_clk_cnt[16] ;
; 3.758 ; 5.000        ; 1.242          ; Low Pulse Width  ; FPGA_CLK ; Rise       ; host_itf:inst1|my_clk_cnt[16] ;
; 3.758 ; 5.000        ; 1.242          ; High Pulse Width ; FPGA_CLK ; Rise       ; host_itf:inst1|my_clk_cnt[17] ;
; 3.758 ; 5.000        ; 1.242          ; Low Pulse Width  ; FPGA_CLK ; Rise       ; host_itf:inst1|my_clk_cnt[17] ;
; 3.758 ; 5.000        ; 1.242          ; High Pulse Width ; FPGA_CLK ; Rise       ; host_itf:inst1|my_clk_cnt[18] ;
; 3.758 ; 5.000        ; 1.242          ; Low Pulse Width  ; FPGA_CLK ; Rise       ; host_itf:inst1|my_clk_cnt[18] ;
; 3.758 ; 5.000        ; 1.242          ; High Pulse Width ; FPGA_CLK ; Rise       ; host_itf:inst1|my_clk_cnt[19] ;
; 3.758 ; 5.000        ; 1.242          ; Low Pulse Width  ; FPGA_CLK ; Rise       ; host_itf:inst1|my_clk_cnt[19] ;
; 3.758 ; 5.000        ; 1.242          ; High Pulse Width ; FPGA_CLK ; Rise       ; host_itf:inst1|my_clk_cnt[1]  ;
; 3.758 ; 5.000        ; 1.242          ; Low Pulse Width  ; FPGA_CLK ; Rise       ; host_itf:inst1|my_clk_cnt[1]  ;
; 3.758 ; 5.000        ; 1.242          ; High Pulse Width ; FPGA_CLK ; Rise       ; host_itf:inst1|my_clk_cnt[20] ;
; 3.758 ; 5.000        ; 1.242          ; Low Pulse Width  ; FPGA_CLK ; Rise       ; host_itf:inst1|my_clk_cnt[20] ;
; 3.758 ; 5.000        ; 1.242          ; High Pulse Width ; FPGA_CLK ; Rise       ; host_itf:inst1|my_clk_cnt[21] ;
; 3.758 ; 5.000        ; 1.242          ; Low Pulse Width  ; FPGA_CLK ; Rise       ; host_itf:inst1|my_clk_cnt[21] ;
; 3.758 ; 5.000        ; 1.242          ; High Pulse Width ; FPGA_CLK ; Rise       ; host_itf:inst1|my_clk_cnt[22] ;
; 3.758 ; 5.000        ; 1.242          ; Low Pulse Width  ; FPGA_CLK ; Rise       ; host_itf:inst1|my_clk_cnt[22] ;
; 3.758 ; 5.000        ; 1.242          ; High Pulse Width ; FPGA_CLK ; Rise       ; host_itf:inst1|my_clk_cnt[23] ;
; 3.758 ; 5.000        ; 1.242          ; Low Pulse Width  ; FPGA_CLK ; Rise       ; host_itf:inst1|my_clk_cnt[23] ;
; 3.758 ; 5.000        ; 1.242          ; High Pulse Width ; FPGA_CLK ; Rise       ; host_itf:inst1|my_clk_cnt[24] ;
; 3.758 ; 5.000        ; 1.242          ; Low Pulse Width  ; FPGA_CLK ; Rise       ; host_itf:inst1|my_clk_cnt[24] ;
; 3.758 ; 5.000        ; 1.242          ; High Pulse Width ; FPGA_CLK ; Rise       ; host_itf:inst1|my_clk_cnt[25] ;
; 3.758 ; 5.000        ; 1.242          ; Low Pulse Width  ; FPGA_CLK ; Rise       ; host_itf:inst1|my_clk_cnt[25] ;
; 3.758 ; 5.000        ; 1.242          ; High Pulse Width ; FPGA_CLK ; Rise       ; host_itf:inst1|my_clk_cnt[26] ;
; 3.758 ; 5.000        ; 1.242          ; Low Pulse Width  ; FPGA_CLK ; Rise       ; host_itf:inst1|my_clk_cnt[26] ;
; 3.758 ; 5.000        ; 1.242          ; High Pulse Width ; FPGA_CLK ; Rise       ; host_itf:inst1|my_clk_cnt[27] ;
; 3.758 ; 5.000        ; 1.242          ; Low Pulse Width  ; FPGA_CLK ; Rise       ; host_itf:inst1|my_clk_cnt[27] ;
; 3.758 ; 5.000        ; 1.242          ; High Pulse Width ; FPGA_CLK ; Rise       ; host_itf:inst1|my_clk_cnt[28] ;
; 3.758 ; 5.000        ; 1.242          ; Low Pulse Width  ; FPGA_CLK ; Rise       ; host_itf:inst1|my_clk_cnt[28] ;
; 3.758 ; 5.000        ; 1.242          ; High Pulse Width ; FPGA_CLK ; Rise       ; host_itf:inst1|my_clk_cnt[29] ;
; 3.758 ; 5.000        ; 1.242          ; Low Pulse Width  ; FPGA_CLK ; Rise       ; host_itf:inst1|my_clk_cnt[29] ;
; 3.758 ; 5.000        ; 1.242          ; High Pulse Width ; FPGA_CLK ; Rise       ; host_itf:inst1|my_clk_cnt[2]  ;
; 3.758 ; 5.000        ; 1.242          ; Low Pulse Width  ; FPGA_CLK ; Rise       ; host_itf:inst1|my_clk_cnt[2]  ;
; 3.758 ; 5.000        ; 1.242          ; High Pulse Width ; FPGA_CLK ; Rise       ; host_itf:inst1|my_clk_cnt[30] ;
; 3.758 ; 5.000        ; 1.242          ; Low Pulse Width  ; FPGA_CLK ; Rise       ; host_itf:inst1|my_clk_cnt[30] ;
; 3.758 ; 5.000        ; 1.242          ; High Pulse Width ; FPGA_CLK ; Rise       ; host_itf:inst1|my_clk_cnt[31] ;
; 3.758 ; 5.000        ; 1.242          ; Low Pulse Width  ; FPGA_CLK ; Rise       ; host_itf:inst1|my_clk_cnt[31] ;
; 3.758 ; 5.000        ; 1.242          ; High Pulse Width ; FPGA_CLK ; Rise       ; host_itf:inst1|my_clk_cnt[3]  ;
; 3.758 ; 5.000        ; 1.242          ; Low Pulse Width  ; FPGA_CLK ; Rise       ; host_itf:inst1|my_clk_cnt[3]  ;
; 3.758 ; 5.000        ; 1.242          ; High Pulse Width ; FPGA_CLK ; Rise       ; host_itf:inst1|my_clk_cnt[4]  ;
; 3.758 ; 5.000        ; 1.242          ; Low Pulse Width  ; FPGA_CLK ; Rise       ; host_itf:inst1|my_clk_cnt[4]  ;
; 3.758 ; 5.000        ; 1.242          ; High Pulse Width ; FPGA_CLK ; Rise       ; host_itf:inst1|my_clk_cnt[5]  ;
; 3.758 ; 5.000        ; 1.242          ; Low Pulse Width  ; FPGA_CLK ; Rise       ; host_itf:inst1|my_clk_cnt[5]  ;
; 3.758 ; 5.000        ; 1.242          ; High Pulse Width ; FPGA_CLK ; Rise       ; host_itf:inst1|my_clk_cnt[6]  ;
; 3.758 ; 5.000        ; 1.242          ; Low Pulse Width  ; FPGA_CLK ; Rise       ; host_itf:inst1|my_clk_cnt[6]  ;
; 3.758 ; 5.000        ; 1.242          ; High Pulse Width ; FPGA_CLK ; Rise       ; host_itf:inst1|my_clk_cnt[7]  ;
; 3.758 ; 5.000        ; 1.242          ; Low Pulse Width  ; FPGA_CLK ; Rise       ; host_itf:inst1|my_clk_cnt[7]  ;
; 3.758 ; 5.000        ; 1.242          ; High Pulse Width ; FPGA_CLK ; Rise       ; host_itf:inst1|my_clk_cnt[8]  ;
; 3.758 ; 5.000        ; 1.242          ; Low Pulse Width  ; FPGA_CLK ; Rise       ; host_itf:inst1|my_clk_cnt[8]  ;
; 3.758 ; 5.000        ; 1.242          ; High Pulse Width ; FPGA_CLK ; Rise       ; host_itf:inst1|my_clk_cnt[9]  ;
; 3.758 ; 5.000        ; 1.242          ; Low Pulse Width  ; FPGA_CLK ; Rise       ; host_itf:inst1|my_clk_cnt[9]  ;
; 3.758 ; 5.000        ; 1.242          ; High Pulse Width ; FPGA_CLK ; Rise       ; host_itf:inst1|seg_clk        ;
; 3.758 ; 5.000        ; 1.242          ; Low Pulse Width  ; FPGA_CLK ; Rise       ; host_itf:inst1|seg_clk        ;
; 3.758 ; 5.000        ; 1.242          ; High Pulse Width ; FPGA_CLK ; Rise       ; host_itf:inst1|x8800_0000[0]  ;
; 3.758 ; 5.000        ; 1.242          ; Low Pulse Width  ; FPGA_CLK ; Rise       ; host_itf:inst1|x8800_0000[0]  ;
; 3.758 ; 5.000        ; 1.242          ; High Pulse Width ; FPGA_CLK ; Rise       ; host_itf:inst1|x8800_0000[10] ;
; 3.758 ; 5.000        ; 1.242          ; Low Pulse Width  ; FPGA_CLK ; Rise       ; host_itf:inst1|x8800_0000[10] ;
; 3.758 ; 5.000        ; 1.242          ; High Pulse Width ; FPGA_CLK ; Rise       ; host_itf:inst1|x8800_0000[11] ;
; 3.758 ; 5.000        ; 1.242          ; Low Pulse Width  ; FPGA_CLK ; Rise       ; host_itf:inst1|x8800_0000[11] ;
; 3.758 ; 5.000        ; 1.242          ; High Pulse Width ; FPGA_CLK ; Rise       ; host_itf:inst1|x8800_0000[12] ;
; 3.758 ; 5.000        ; 1.242          ; Low Pulse Width  ; FPGA_CLK ; Rise       ; host_itf:inst1|x8800_0000[12] ;
; 3.758 ; 5.000        ; 1.242          ; High Pulse Width ; FPGA_CLK ; Rise       ; host_itf:inst1|x8800_0000[13] ;
; 3.758 ; 5.000        ; 1.242          ; Low Pulse Width  ; FPGA_CLK ; Rise       ; host_itf:inst1|x8800_0000[13] ;
; 3.758 ; 5.000        ; 1.242          ; High Pulse Width ; FPGA_CLK ; Rise       ; host_itf:inst1|x8800_0000[14] ;
; 3.758 ; 5.000        ; 1.242          ; Low Pulse Width  ; FPGA_CLK ; Rise       ; host_itf:inst1|x8800_0000[14] ;
; 3.758 ; 5.000        ; 1.242          ; High Pulse Width ; FPGA_CLK ; Rise       ; host_itf:inst1|x8800_0000[15] ;
; 3.758 ; 5.000        ; 1.242          ; Low Pulse Width  ; FPGA_CLK ; Rise       ; host_itf:inst1|x8800_0000[15] ;
; 3.758 ; 5.000        ; 1.242          ; High Pulse Width ; FPGA_CLK ; Rise       ; host_itf:inst1|x8800_0000[1]  ;
; 3.758 ; 5.000        ; 1.242          ; Low Pulse Width  ; FPGA_CLK ; Rise       ; host_itf:inst1|x8800_0000[1]  ;
; 3.758 ; 5.000        ; 1.242          ; High Pulse Width ; FPGA_CLK ; Rise       ; host_itf:inst1|x8800_0000[2]  ;
; 3.758 ; 5.000        ; 1.242          ; Low Pulse Width  ; FPGA_CLK ; Rise       ; host_itf:inst1|x8800_0000[2]  ;
; 3.758 ; 5.000        ; 1.242          ; High Pulse Width ; FPGA_CLK ; Rise       ; host_itf:inst1|x8800_0000[3]  ;
; 3.758 ; 5.000        ; 1.242          ; Low Pulse Width  ; FPGA_CLK ; Rise       ; host_itf:inst1|x8800_0000[3]  ;
; 3.758 ; 5.000        ; 1.242          ; High Pulse Width ; FPGA_CLK ; Rise       ; host_itf:inst1|x8800_0000[4]  ;
; 3.758 ; 5.000        ; 1.242          ; Low Pulse Width  ; FPGA_CLK ; Rise       ; host_itf:inst1|x8800_0000[4]  ;
; 3.758 ; 5.000        ; 1.242          ; High Pulse Width ; FPGA_CLK ; Rise       ; host_itf:inst1|x8800_0000[5]  ;
; 3.758 ; 5.000        ; 1.242          ; Low Pulse Width  ; FPGA_CLK ; Rise       ; host_itf:inst1|x8800_0000[5]  ;
; 3.758 ; 5.000        ; 1.242          ; High Pulse Width ; FPGA_CLK ; Rise       ; host_itf:inst1|x8800_0000[6]  ;
; 3.758 ; 5.000        ; 1.242          ; Low Pulse Width  ; FPGA_CLK ; Rise       ; host_itf:inst1|x8800_0000[6]  ;
; 3.758 ; 5.000        ; 1.242          ; High Pulse Width ; FPGA_CLK ; Rise       ; host_itf:inst1|x8800_0000[7]  ;
; 3.758 ; 5.000        ; 1.242          ; Low Pulse Width  ; FPGA_CLK ; Rise       ; host_itf:inst1|x8800_0000[7]  ;
; 3.758 ; 5.000        ; 1.242          ; High Pulse Width ; FPGA_CLK ; Rise       ; host_itf:inst1|x8800_0000[8]  ;
; 3.758 ; 5.000        ; 1.242          ; Low Pulse Width  ; FPGA_CLK ; Rise       ; host_itf:inst1|x8800_0000[8]  ;
+-------+--------------+----------------+------------------+----------+------------+-------------------------------+


+-----------------------------------------------------------------------------+
; Setup Times                                                                 ;
+---------------+------------+--------+--------+------------+-----------------+
; Data Port     ; Clock Port ; Rise   ; Fall   ; Clock Edge ; Clock Reference ;
+---------------+------------+--------+--------+------------+-----------------+
; CPLD_0        ; FPGA_CLK   ; 10.544 ; 10.544 ; Rise       ; FPGA_CLK        ;
; XM0OEN        ; FPGA_CLK   ; 5.099  ; 5.099  ; Rise       ; FPGA_CLK        ;
; XM0WEN        ; FPGA_CLK   ; 4.817  ; 4.817  ; Rise       ; FPGA_CLK        ;
; XM0_ADDR[*]   ; FPGA_CLK   ; 11.148 ; 11.148 ; Rise       ; FPGA_CLK        ;
;  XM0_ADDR[0]  ; FPGA_CLK   ; 9.255  ; 9.255  ; Rise       ; FPGA_CLK        ;
;  XM0_ADDR[1]  ; FPGA_CLK   ; 8.255  ; 8.255  ; Rise       ; FPGA_CLK        ;
;  XM0_ADDR[2]  ; FPGA_CLK   ; 9.282  ; 9.282  ; Rise       ; FPGA_CLK        ;
;  XM0_ADDR[3]  ; FPGA_CLK   ; 11.148 ; 11.148 ; Rise       ; FPGA_CLK        ;
;  XM0_ADDR[4]  ; FPGA_CLK   ; 10.797 ; 10.797 ; Rise       ; FPGA_CLK        ;
;  XM0_ADDR[5]  ; FPGA_CLK   ; 10.729 ; 10.729 ; Rise       ; FPGA_CLK        ;
;  XM0_ADDR[6]  ; FPGA_CLK   ; 10.482 ; 10.482 ; Rise       ; FPGA_CLK        ;
;  XM0_ADDR[7]  ; FPGA_CLK   ; 9.930  ; 9.930  ; Rise       ; FPGA_CLK        ;
;  XM0_ADDR[8]  ; FPGA_CLK   ; 10.112 ; 10.112 ; Rise       ; FPGA_CLK        ;
;  XM0_ADDR[9]  ; FPGA_CLK   ; 9.890  ; 9.890  ; Rise       ; FPGA_CLK        ;
;  XM0_ADDR[10] ; FPGA_CLK   ; 9.843  ; 9.843  ; Rise       ; FPGA_CLK        ;
;  XM0_ADDR[11] ; FPGA_CLK   ; 10.740 ; 10.740 ; Rise       ; FPGA_CLK        ;
;  XM0_ADDR[12] ; FPGA_CLK   ; 10.375 ; 10.375 ; Rise       ; FPGA_CLK        ;
;  XM0_ADDR[13] ; FPGA_CLK   ; 10.300 ; 10.300 ; Rise       ; FPGA_CLK        ;
;  XM0_ADDR[14] ; FPGA_CLK   ; 10.052 ; 10.052 ; Rise       ; FPGA_CLK        ;
;  XM0_ADDR[15] ; FPGA_CLK   ; 9.711  ; 9.711  ; Rise       ; FPGA_CLK        ;
;  XM0_ADDR[16] ; FPGA_CLK   ; 10.069 ; 10.069 ; Rise       ; FPGA_CLK        ;
;  XM0_ADDR[17] ; FPGA_CLK   ; 9.452  ; 9.452  ; Rise       ; FPGA_CLK        ;
;  XM0_ADDR[18] ; FPGA_CLK   ; 9.618  ; 9.618  ; Rise       ; FPGA_CLK        ;
;  XM0_ADDR[19] ; FPGA_CLK   ; 9.620  ; 9.620  ; Rise       ; FPGA_CLK        ;
+---------------+------------+--------+--------+------------+-----------------+


+-----------------------------------------------------------------------------+
; Hold Times                                                                  ;
+---------------+------------+--------+--------+------------+-----------------+
; Data Port     ; Clock Port ; Rise   ; Fall   ; Clock Edge ; Clock Reference ;
+---------------+------------+--------+--------+------------+-----------------+
; CPLD_0        ; FPGA_CLK   ; -8.451 ; -8.451 ; Rise       ; FPGA_CLK        ;
; XM0OEN        ; FPGA_CLK   ; 1.072  ; 1.072  ; Rise       ; FPGA_CLK        ;
; XM0WEN        ; FPGA_CLK   ; -2.724 ; -2.724 ; Rise       ; FPGA_CLK        ;
; XM0_ADDR[*]   ; FPGA_CLK   ; -6.171 ; -6.171 ; Rise       ; FPGA_CLK        ;
;  XM0_ADDR[0]  ; FPGA_CLK   ; -7.172 ; -7.172 ; Rise       ; FPGA_CLK        ;
;  XM0_ADDR[1]  ; FPGA_CLK   ; -6.171 ; -6.171 ; Rise       ; FPGA_CLK        ;
;  XM0_ADDR[2]  ; FPGA_CLK   ; -7.199 ; -7.199 ; Rise       ; FPGA_CLK        ;
;  XM0_ADDR[3]  ; FPGA_CLK   ; -9.065 ; -9.065 ; Rise       ; FPGA_CLK        ;
;  XM0_ADDR[4]  ; FPGA_CLK   ; -8.714 ; -8.714 ; Rise       ; FPGA_CLK        ;
;  XM0_ADDR[5]  ; FPGA_CLK   ; -8.646 ; -8.646 ; Rise       ; FPGA_CLK        ;
;  XM0_ADDR[6]  ; FPGA_CLK   ; -8.399 ; -8.399 ; Rise       ; FPGA_CLK        ;
;  XM0_ADDR[7]  ; FPGA_CLK   ; -7.837 ; -7.837 ; Rise       ; FPGA_CLK        ;
;  XM0_ADDR[8]  ; FPGA_CLK   ; -8.019 ; -8.019 ; Rise       ; FPGA_CLK        ;
;  XM0_ADDR[9]  ; FPGA_CLK   ; -7.797 ; -7.797 ; Rise       ; FPGA_CLK        ;
;  XM0_ADDR[10] ; FPGA_CLK   ; -7.750 ; -7.750 ; Rise       ; FPGA_CLK        ;
;  XM0_ADDR[11] ; FPGA_CLK   ; -8.647 ; -8.647 ; Rise       ; FPGA_CLK        ;
;  XM0_ADDR[12] ; FPGA_CLK   ; -8.282 ; -8.282 ; Rise       ; FPGA_CLK        ;
;  XM0_ADDR[13] ; FPGA_CLK   ; -8.207 ; -8.207 ; Rise       ; FPGA_CLK        ;
;  XM0_ADDR[14] ; FPGA_CLK   ; -7.959 ; -7.959 ; Rise       ; FPGA_CLK        ;
;  XM0_ADDR[15] ; FPGA_CLK   ; -7.618 ; -7.618 ; Rise       ; FPGA_CLK        ;
;  XM0_ADDR[16] ; FPGA_CLK   ; -7.976 ; -7.976 ; Rise       ; FPGA_CLK        ;
;  XM0_ADDR[17] ; FPGA_CLK   ; -7.359 ; -7.359 ; Rise       ; FPGA_CLK        ;
;  XM0_ADDR[18] ; FPGA_CLK   ; -7.525 ; -7.525 ; Rise       ; FPGA_CLK        ;
;  XM0_ADDR[19] ; FPGA_CLK   ; -7.527 ; -7.527 ; Rise       ; FPGA_CLK        ;
+---------------+------------+--------+--------+------------+-----------------+


+---------------------------------------------------------------------------+
; Clock to Output Times                                                     ;
+---------------+------------+-------+-------+------------+-----------------+
; Data Port     ; Clock Port ; Rise  ; Fall  ; Clock Edge ; Clock Reference ;
+---------------+------------+-------+-------+------------+-----------------+
; XM0_DATA[*]   ; FPGA_CLK   ; 8.411 ; 8.411 ; Rise       ; FPGA_CLK        ;
;  XM0_DATA[0]  ; FPGA_CLK   ; 8.004 ; 8.004 ; Rise       ; FPGA_CLK        ;
;  XM0_DATA[1]  ; FPGA_CLK   ; 8.411 ; 8.411 ; Rise       ; FPGA_CLK        ;
;  XM0_DATA[2]  ; FPGA_CLK   ; 7.579 ; 7.579 ; Rise       ; FPGA_CLK        ;
;  XM0_DATA[3]  ; FPGA_CLK   ; 7.579 ; 7.579 ; Rise       ; FPGA_CLK        ;
;  XM0_DATA[4]  ; FPGA_CLK   ; 8.038 ; 8.038 ; Rise       ; FPGA_CLK        ;
;  XM0_DATA[5]  ; FPGA_CLK   ; 8.411 ; 8.411 ; Rise       ; FPGA_CLK        ;
;  XM0_DATA[6]  ; FPGA_CLK   ; 7.595 ; 7.595 ; Rise       ; FPGA_CLK        ;
;  XM0_DATA[7]  ; FPGA_CLK   ; 7.595 ; 7.595 ; Rise       ; FPGA_CLK        ;
;  XM0_DATA[8]  ; FPGA_CLK   ; 7.617 ; 7.617 ; Rise       ; FPGA_CLK        ;
;  XM0_DATA[9]  ; FPGA_CLK   ; 8.411 ; 8.411 ; Rise       ; FPGA_CLK        ;
;  XM0_DATA[10] ; FPGA_CLK   ; 7.577 ; 7.577 ; Rise       ; FPGA_CLK        ;
;  XM0_DATA[11] ; FPGA_CLK   ; 7.577 ; 7.577 ; Rise       ; FPGA_CLK        ;
;  XM0_DATA[12] ; FPGA_CLK   ; 8.004 ; 8.004 ; Rise       ; FPGA_CLK        ;
;  XM0_DATA[13] ; FPGA_CLK   ; 7.439 ; 7.439 ; Rise       ; FPGA_CLK        ;
;  XM0_DATA[14] ; FPGA_CLK   ; 7.522 ; 7.522 ; Rise       ; FPGA_CLK        ;
;  XM0_DATA[15] ; FPGA_CLK   ; 7.574 ; 7.574 ; Rise       ; FPGA_CLK        ;
+---------------+------------+-------+-------+------------+-----------------+


+---------------------------------------------------------------------------+
; Minimum Clock to Output Times                                             ;
+---------------+------------+-------+-------+------------+-----------------+
; Data Port     ; Clock Port ; Rise  ; Fall  ; Clock Edge ; Clock Reference ;
+---------------+------------+-------+-------+------------+-----------------+
; XM0_DATA[*]   ; FPGA_CLK   ; 7.439 ; 7.439 ; Rise       ; FPGA_CLK        ;
;  XM0_DATA[0]  ; FPGA_CLK   ; 8.004 ; 8.004 ; Rise       ; FPGA_CLK        ;
;  XM0_DATA[1]  ; FPGA_CLK   ; 8.411 ; 8.411 ; Rise       ; FPGA_CLK        ;
;  XM0_DATA[2]  ; FPGA_CLK   ; 7.579 ; 7.579 ; Rise       ; FPGA_CLK        ;
;  XM0_DATA[3]  ; FPGA_CLK   ; 7.579 ; 7.579 ; Rise       ; FPGA_CLK        ;
;  XM0_DATA[4]  ; FPGA_CLK   ; 8.038 ; 8.038 ; Rise       ; FPGA_CLK        ;
;  XM0_DATA[5]  ; FPGA_CLK   ; 8.411 ; 8.411 ; Rise       ; FPGA_CLK        ;
;  XM0_DATA[6]  ; FPGA_CLK   ; 7.595 ; 7.595 ; Rise       ; FPGA_CLK        ;
;  XM0_DATA[7]  ; FPGA_CLK   ; 7.595 ; 7.595 ; Rise       ; FPGA_CLK        ;
;  XM0_DATA[8]  ; FPGA_CLK   ; 7.617 ; 7.617 ; Rise       ; FPGA_CLK        ;
;  XM0_DATA[9]  ; FPGA_CLK   ; 8.411 ; 8.411 ; Rise       ; FPGA_CLK        ;
;  XM0_DATA[10] ; FPGA_CLK   ; 7.577 ; 7.577 ; Rise       ; FPGA_CLK        ;
;  XM0_DATA[11] ; FPGA_CLK   ; 7.577 ; 7.577 ; Rise       ; FPGA_CLK        ;
;  XM0_DATA[12] ; FPGA_CLK   ; 8.004 ; 8.004 ; Rise       ; FPGA_CLK        ;
;  XM0_DATA[13] ; FPGA_CLK   ; 7.439 ; 7.439 ; Rise       ; FPGA_CLK        ;
;  XM0_DATA[14] ; FPGA_CLK   ; 7.522 ; 7.522 ; Rise       ; FPGA_CLK        ;
;  XM0_DATA[15] ; FPGA_CLK   ; 7.574 ; 7.574 ; Rise       ; FPGA_CLK        ;
+---------------+------------+-------+-------+------------+-----------------+


+-------------------------------------------------------+
; Propagation Delay                                     ;
+------------+--------------+--------+----+----+--------+
; Input Port ; Output Port  ; RR     ; RF ; FR ; FF     ;
+------------+--------------+--------+----+----+--------+
; CPLD_0     ; XM0_DATA[0]  ; 12.412 ;    ;    ; 12.412 ;
; CPLD_0     ; XM0_DATA[1]  ; 12.819 ;    ;    ; 12.819 ;
; CPLD_0     ; XM0_DATA[2]  ; 11.987 ;    ;    ; 11.987 ;
; CPLD_0     ; XM0_DATA[3]  ; 11.987 ;    ;    ; 11.987 ;
; CPLD_0     ; XM0_DATA[4]  ; 12.446 ;    ;    ; 12.446 ;
; CPLD_0     ; XM0_DATA[5]  ; 12.819 ;    ;    ; 12.819 ;
; CPLD_0     ; XM0_DATA[6]  ; 12.003 ;    ;    ; 12.003 ;
; CPLD_0     ; XM0_DATA[7]  ; 12.003 ;    ;    ; 12.003 ;
; CPLD_0     ; XM0_DATA[8]  ; 12.025 ;    ;    ; 12.025 ;
; CPLD_0     ; XM0_DATA[9]  ; 12.819 ;    ;    ; 12.819 ;
; CPLD_0     ; XM0_DATA[10] ; 11.985 ;    ;    ; 11.985 ;
; CPLD_0     ; XM0_DATA[11] ; 11.985 ;    ;    ; 11.985 ;
; CPLD_0     ; XM0_DATA[12] ; 12.412 ;    ;    ; 12.412 ;
; CPLD_0     ; XM0_DATA[13] ; 11.847 ;    ;    ; 11.847 ;
; CPLD_0     ; XM0_DATA[14] ; 11.930 ;    ;    ; 11.930 ;
; CPLD_0     ; XM0_DATA[15] ; 11.982 ;    ;    ; 11.982 ;
; XM0OEN     ; XM0_DATA[0]  ; 6.434  ;    ;    ; 6.434  ;
; XM0OEN     ; XM0_DATA[1]  ; 6.841  ;    ;    ; 6.841  ;
; XM0OEN     ; XM0_DATA[2]  ; 6.009  ;    ;    ; 6.009  ;
; XM0OEN     ; XM0_DATA[3]  ; 6.009  ;    ;    ; 6.009  ;
; XM0OEN     ; XM0_DATA[4]  ; 6.468  ;    ;    ; 6.468  ;
; XM0OEN     ; XM0_DATA[5]  ; 6.841  ;    ;    ; 6.841  ;
; XM0OEN     ; XM0_DATA[6]  ; 6.025  ;    ;    ; 6.025  ;
; XM0OEN     ; XM0_DATA[7]  ; 6.025  ;    ;    ; 6.025  ;
; XM0OEN     ; XM0_DATA[8]  ; 6.047  ;    ;    ; 6.047  ;
; XM0OEN     ; XM0_DATA[9]  ; 6.841  ;    ;    ; 6.841  ;
; XM0OEN     ; XM0_DATA[10] ; 6.007  ;    ;    ; 6.007  ;
; XM0OEN     ; XM0_DATA[11] ; 6.007  ;    ;    ; 6.007  ;
; XM0OEN     ; XM0_DATA[12] ; 6.434  ;    ;    ; 6.434  ;
; XM0OEN     ; XM0_DATA[13] ; 5.869  ;    ;    ; 5.869  ;
; XM0OEN     ; XM0_DATA[14] ; 5.952  ;    ;    ; 5.952  ;
; XM0OEN     ; XM0_DATA[15] ; 6.004  ;    ;    ; 6.004  ;
+------------+--------------+--------+----+----+--------+


+-------------------------------------------------------+
; Minimum Propagation Delay                             ;
+------------+--------------+--------+----+----+--------+
; Input Port ; Output Port  ; RR     ; RF ; FR ; FF     ;
+------------+--------------+--------+----+----+--------+
; CPLD_0     ; XM0_DATA[0]  ; 12.412 ;    ;    ; 12.412 ;
; CPLD_0     ; XM0_DATA[1]  ; 12.819 ;    ;    ; 12.819 ;
; CPLD_0     ; XM0_DATA[2]  ; 11.987 ;    ;    ; 11.987 ;
; CPLD_0     ; XM0_DATA[3]  ; 11.987 ;    ;    ; 11.987 ;
; CPLD_0     ; XM0_DATA[4]  ; 12.446 ;    ;    ; 12.446 ;
; CPLD_0     ; XM0_DATA[5]  ; 12.819 ;    ;    ; 12.819 ;
; CPLD_0     ; XM0_DATA[6]  ; 12.003 ;    ;    ; 12.003 ;
; CPLD_0     ; XM0_DATA[7]  ; 12.003 ;    ;    ; 12.003 ;
; CPLD_0     ; XM0_DATA[8]  ; 12.025 ;    ;    ; 12.025 ;
; CPLD_0     ; XM0_DATA[9]  ; 12.819 ;    ;    ; 12.819 ;
; CPLD_0     ; XM0_DATA[10] ; 11.985 ;    ;    ; 11.985 ;
; CPLD_0     ; XM0_DATA[11] ; 11.985 ;    ;    ; 11.985 ;
; CPLD_0     ; XM0_DATA[12] ; 12.412 ;    ;    ; 12.412 ;
; CPLD_0     ; XM0_DATA[13] ; 11.847 ;    ;    ; 11.847 ;
; CPLD_0     ; XM0_DATA[14] ; 11.930 ;    ;    ; 11.930 ;
; CPLD_0     ; XM0_DATA[15] ; 11.982 ;    ;    ; 11.982 ;
; XM0OEN     ; XM0_DATA[0]  ; 6.434  ;    ;    ; 6.434  ;
; XM0OEN     ; XM0_DATA[1]  ; 6.841  ;    ;    ; 6.841  ;
; XM0OEN     ; XM0_DATA[2]  ; 6.009  ;    ;    ; 6.009  ;
; XM0OEN     ; XM0_DATA[3]  ; 6.009  ;    ;    ; 6.009  ;
; XM0OEN     ; XM0_DATA[4]  ; 6.468  ;    ;    ; 6.468  ;
; XM0OEN     ; XM0_DATA[5]  ; 6.841  ;    ;    ; 6.841  ;
; XM0OEN     ; XM0_DATA[6]  ; 6.025  ;    ;    ; 6.025  ;
; XM0OEN     ; XM0_DATA[7]  ; 6.025  ;    ;    ; 6.025  ;
; XM0OEN     ; XM0_DATA[8]  ; 6.047  ;    ;    ; 6.047  ;
; XM0OEN     ; XM0_DATA[9]  ; 6.841  ;    ;    ; 6.841  ;
; XM0OEN     ; XM0_DATA[10] ; 6.007  ;    ;    ; 6.007  ;
; XM0OEN     ; XM0_DATA[11] ; 6.007  ;    ;    ; 6.007  ;
; XM0OEN     ; XM0_DATA[12] ; 6.434  ;    ;    ; 6.434  ;
; XM0OEN     ; XM0_DATA[13] ; 5.869  ;    ;    ; 5.869  ;
; XM0OEN     ; XM0_DATA[14] ; 5.952  ;    ;    ; 5.952  ;
; XM0OEN     ; XM0_DATA[15] ; 6.004  ;    ;    ; 6.004  ;
+------------+--------------+--------+----+----+--------+


+-----------------------------------------------------------------------+
; Setup Transfers                                                       ;
+------------+----------+--------------+----------+----------+----------+
; From Clock ; To Clock ; RR Paths     ; FR Paths ; RF Paths ; FF Paths ;
+------------+----------+--------------+----------+----------+----------+
; FPGA_CLK   ; FPGA_CLK ; > 2147483647 ; 0        ; 0        ; 0        ;
+------------+----------+--------------+----------+----------+----------+
Entries labeled "false path" only account for clock-to-clock false paths and not path-based false paths. As a result, actual path counts may be lower than reported.


+-----------------------------------------------------------------------+
; Hold Transfers                                                        ;
+------------+----------+--------------+----------+----------+----------+
; From Clock ; To Clock ; RR Paths     ; FR Paths ; RF Paths ; FF Paths ;
+------------+----------+--------------+----------+----------+----------+
; FPGA_CLK   ; FPGA_CLK ; > 2147483647 ; 0        ; 0        ; 0        ;
+------------+----------+--------------+----------+----------+----------+
Entries labeled "false path" only account for clock-to-clock false paths and not path-based false paths. As a result, actual path counts may be lower than reported.


---------------
; Report TCCS ;
---------------
No dedicated SERDES Transmitter circuitry present in device or used in design


---------------
; Report RSKM ;
---------------
No dedicated SERDES Receiver circuitry present in device or used in design


+------------------------------------------------+
; Unconstrained Paths                            ;
+---------------------------------+-------+------+
; Property                        ; Setup ; Hold ;
+---------------------------------+-------+------+
; Illegal Clocks                  ; 0     ; 0    ;
; Unconstrained Clocks            ; 2     ; 2    ;
; Unconstrained Input Ports       ; 40    ; 40   ;
; Unconstrained Input Port Paths  ; 674   ; 674  ;
; Unconstrained Output Ports      ; 29    ; 29   ;
; Unconstrained Output Port Paths ; 61    ; 61   ;
+---------------------------------+-------+------+


+------------------------------------+
; TimeQuest Timing Analyzer Messages ;
+------------------------------------+
Info: *******************************************************************
Info: Running Quartus II TimeQuest Timing Analyzer
    Info: Version 11.0 Build 157 04/27/2011 SJ Web Edition
    Info: Processing started: Tue Jun 16 21:31:51 2015
Info: Command: quartus_sta M3 -c M3
Info: qsta_default_script.tcl version: #1
Warning: Parallel compilation is not licensed and has been disabled
Info: Low junction temperature is 0 degrees C
Info: High junction temperature is 85 degrees C
Info: Reading SDC File: 'M3.sdc'
Warning: Node: host_itf:inst1|seg_clk was determined to be a clock but was found without an associated clock assignment.
Warning: Node: CPLD_0 was determined to be a clock but was found without an associated clock assignment.
Critical Warning: Timing requirements not met
Info: Worst-case setup slack is -97.098
    Info:     Slack End Point TNS Clock 
    Info: ========= ============= =====================
    Info:   -97.098       -97.098 FPGA_CLK 
Info: Worst-case hold slack is 0.499
    Info:     Slack End Point TNS Clock 
    Info: ========= ============= =====================
    Info:     0.499         0.000 FPGA_CLK 
Info: No Recovery paths to report
Info: No Removal paths to report
Info: Worst-case minimum pulse width slack is 3.758
    Info:     Slack End Point TNS Clock 
    Info: ========= ============= =====================
    Info:     3.758         0.000 FPGA_CLK 
Info: The selected device family is not supported by the report_metastability command.
Info: Design is not fully constrained for setup requirements
Info: Design is not fully constrained for hold requirements
Info: Quartus II TimeQuest Timing Analyzer was successful. 0 errors, 4 warnings
    Info: Peak virtual memory: 244 megabytes
    Info: Processing ended: Tue Jun 16 21:31:53 2015
    Info: Elapsed time: 00:00:02
    Info: Total CPU time (on all processors): 00:00:02


